Executing instructions indefinitely...
@0x0000000: 0xB9 ADDMOD 56, @0x0000009
@0x0000006: 0xBD LDMOD 56
@0x0000009: 0x00 PUSHN
@0x000000A: 0x85 LDA 57
@0x000000C: 0x89 SETP
@0x000000D: 0x18 PUSHAL
@0x000000E: 0x81 LD 57
@0x0000010: 0x00 PUSHN
@0x0000011: 0x61 Binary op
@0x0000012: 0xC0 MKARG
@0x0000013: 0xEE BLD
@0x0000014: 0x81 LD 31
@0x0000016: 0xB6 CALL
True
@0x0000017: 0x20 POP
@0x0000018: 0x01 PUSHE
@0x0000019: 0x85 LDA 57
@0x000001B: 0x89 SETP
@0x000001C: 0x18 PUSHAL
@0x000001D: 0x81 LD 57
@0x000001F: 0x01 PUSHE
@0x0000020: 0x61 Binary op
@0x0000021: 0xC0 MKARG
@0x0000022: 0xEE BLD
@0x0000023: 0x81 LD 31
@0x0000025: 0xB6 CALL
True
@0x0000026: 0x20 POP
@0x0000027: 0x02 PUSHF
@0x0000028: 0x85 LDA 57
@0x000002A: 0x89 SETP
@0x000002B: 0x18 PUSHAL
@0x000002C: 0x81 LD 57
@0x000002E: 0x02 PUSHF
@0x000002F: 0x61 Binary op
@0x0000030: 0xC0 MKARG
@0x0000031: 0xEE BLD
@0x0000032: 0x81 LD 31
@0x0000034: 0xB6 CALL
True
@0x0000035: 0x20 POP
@0x0000036: 0x03 PUSHT
@0x0000037: 0x85 LDA 57
@0x0000039: 0x89 SETP
@0x000003A: 0x18 PUSHAL
@0x000003B: 0x81 LD 57
@0x000003D: 0x03 PUSHT
@0x000003E: 0x61 Binary op
@0x000003F: 0xC0 MKARG
@0x0000040: 0xEE BLD
@0x0000041: 0x81 LD 31
@0x0000043: 0xB6 CALL
True
@0x0000044: 0x20 POP
@0x0000045: 0x04 PUSHI 0
@0x0000046: 0x85 LDA 57
@0x0000048: 0x89 SETP
@0x0000049: 0x18 PUSHAL
@0x000004A: 0x81 LD 57
@0x000004C: 0x04 PUSHI 0
@0x000004D: 0x61 Binary op
@0x000004E: 0xC0 MKARG
@0x000004F: 0xEE BLD
@0x0000050: 0x81 LD 31
@0x0000052: 0xB6 CALL
True
@0x0000053: 0x20 POP
@0x0000054: 0x08 PUSHD 0
@0x000005D: 0x85 LDA 57
@0x000005F: 0x89 SETP
@0x0000060: 0x18 PUSHAL
@0x0000061: 0x81 LD 57
@0x0000063: 0x08 PUSHD 0
@0x000006C: 0x61 Binary op
@0x000006D: 0xC0 MKARG
@0x000006E: 0xEE BLD
@0x000006F: 0x81 LD 31
@0x0000071: 0xB6 CALL
True
@0x0000072: 0x20 POP
@0x0000073: 0x03 PUSHT
@0x0000074: 0x85 LDA 57
@0x0000076: 0x89 SETP
@0x0000077: 0x18 PUSHAL
@0x0000078: 0x11 PUSHS 12, 'bool == int:'
@0x0000086: 0xC0 MKARG
@0x0000087: 0xEE BLD
@0x0000088: 0x81 LD 57
@0x000008A: 0x04 PUSHI 0
@0x000008B: 0x61 Binary op
@0x000008C: 0xC0 MKARG
@0x000008D: 0xEE BLD
@0x000008E: 0x81 LD 31
@0x0000090: 0xB6 CALL
bool == int: False
@0x0000091: 0x20 POP
@0x0000092: 0x04 PUSHI 0
@0x0000093: 0x85 LDA 57
@0x0000095: 0x89 SETP
@0x0000096: 0x18 PUSHAL
@0x0000097: 0x11 PUSHS 13, 'int == float:'
@0x00000A6: 0xC0 MKARG
@0x00000A7: 0xEE BLD
@0x00000A8: 0x81 LD 57
@0x00000AA: 0x08 PUSHD 0
@0x00000B3: 0x61 Binary op
@0x00000B4: 0xC0 MKARG
@0x00000B5: 0xEE BLD
@0x00000B6: 0x81 LD 31
@0x00000B8: 0xB6 CALL
int == float: True
@0x00000B9: 0x20 POP
@0x00000BA: 0x03 PUSHT
@0x00000BB: 0x85 LDA 57
@0x00000BD: 0x89 SETP
@0x00000BE: 0x18 PUSHAL
@0x00000BF: 0x11 PUSHS 14, 'bool == float:'
@0x00000CF: 0xC0 MKARG
@0x00000D0: 0xEE BLD
@0x00000D1: 0x81 LD 57
@0x00000D3: 0x08 PUSHD 1
@0x00000DC: 0x61 Binary op
@0x00000DD: 0xC0 MKARG
@0x00000DE: 0xEE BLD
@0x00000DF: 0x81 LD 31
@0x00000E1: 0xB6 CALL
bool == float: True
@0x00000E2: 0x20 POP
@0x00000E3: 0x05 PUSHI 5
@0x00000E5: 0xE6 MKRE
@0x00000E6: 0x85 LDA 57
@0x00000E8: 0x89 SETP
@0x00000E9: 0x18 PUSHAL
@0x00000EA: 0x81 LD 57
@0x00000EC: 0x05 PUSHI 5
@0x00000EE: 0xE6 MKRE
@0x00000EF: 0x61 Binary op
@0x00000F0: 0xC0 MKARG
@0x00000F1: 0xEE BLD
@0x00000F2: 0x81 LD 31
@0x00000F4: 0xB6 CALL
True
@0x00000F5: 0x20 POP
@0x00000F6: 0x18 PUSHAL
@0x00000F7: 0x05 PUSHI 5
@0x00000F9: 0xE6 MKRE
@0x00000FA: 0x05 PUSHI 5
@0x00000FC: 0xE6 MKRE
@0x00000FD: 0x61 Binary op
@0x00000FE: 0xC0 MKARG
@0x00000FF: 0xEE BLD
@0x0000100: 0x81 LD 31
@0x0000102: 0xB6 CALL
True
@0x0000103: 0x20 POP
@0x0000104: 0x10 PUSHS 0, ''
@0x0000105: 0x85 LDA 57
@0x0000107: 0x89 SETP
@0x0000108: 0x18 PUSHAL
@0x0000109: 0x81 LD 57
@0x000010B: 0x10 PUSHS 0, ''
@0x000010C: 0x61 Binary op
@0x000010D: 0xC0 MKARG
@0x000010E: 0xEE BLD
@0x000010F: 0x81 LD 31
@0x0000111: 0xB6 CALL
True
@0x0000112: 0x20 POP
@0x0000113: 0x11 PUSHS 3, 'abc'
@0x0000118: 0x85 LDA 57
@0x000011A: 0x89 SETP
@0x000011B: 0x18 PUSHAL
@0x000011C: 0x81 LD 57
@0x000011E: 0x11 PUSHS 3, 'abc'
@0x0000123: 0x61 Binary op
@0x0000124: 0xC0 MKARG
@0x0000125: 0xEE BLD
@0x0000126: 0x81 LD 31
@0x0000128: 0xB6 CALL
True
@0x0000129: 0x20 POP
@0x000012A: 0x18 PUSHAL
@0x000012B: 0x14 PUSHTU
@0x000012C: 0x05 PUSHI 3
@0x000012E: 0xEE BLD
@0x000012F: 0x05 PUSHI 4
@0x0000131: 0xEE BLD
@0x0000132: 0x05 PUSHI 5
@0x0000134: 0xEE BLD
@0x0000135: 0x14 PUSHTU
@0x0000136: 0x05 PUSHI 3
@0x0000138: 0xEE BLD
@0x0000139: 0x05 PUSHI 4
@0x000013B: 0xEE BLD
@0x000013C: 0x05 PUSHI 5
@0x000013E: 0xEE BLD
@0x000013F: 0x61 Binary op
@0x0000140: 0xC0 MKARG
@0x0000141: 0xEE BLD
@0x0000142: 0x81 LD 31
@0x0000144: 0xB6 CALL
True
@0x0000145: 0x20 POP
@0x0000146: 0x18 PUSHAL
@0x0000147: 0x15 PUSHLI
@0x0000148: 0x05 PUSHI 3
@0x000014A: 0xEE BLD
@0x000014B: 0x05 PUSHI 4
@0x000014D: 0xEE BLD
@0x000014E: 0x05 PUSHI 5
@0x0000150: 0xEE BLD
@0x0000151: 0x15 PUSHLI
@0x0000152: 0x05 PUSHI 3
@0x0000154: 0xEE BLD
@0x0000155: 0x05 PUSHI 4
@0x0000157: 0xEE BLD
@0x0000158: 0x05 PUSHI 5
@0x000015A: 0xEE BLD
@0x000015B: 0x61 Binary op
@0x000015C: 0xC0 MKARG
@0x000015D: 0xEE BLD
@0x000015E: 0x81 LD 31
@0x0000160: 0xB6 CALL
True
@0x0000161: 0x20 POP
@0x0000162: 0x18 PUSHAL
@0x0000163: 0x16 PUSHSE
@0x0000164: 0x05 PUSHI 3
@0x0000166: 0xEE BLD
@0x0000167: 0x05 PUSHI 4
@0x0000169: 0xEE BLD
@0x000016A: 0x05 PUSHI 5
@0x000016C: 0xEE BLD
@0x000016D: 0x16 PUSHSE
@0x000016E: 0x05 PUSHI 3
@0x0000170: 0xEE BLD
@0x0000171: 0x05 PUSHI 4
@0x0000173: 0xEE BLD
@0x0000174: 0x05 PUSHI 5
@0x0000176: 0xEE BLD
@0x0000177: 0x61 Binary op
@0x0000178: 0xC0 MKARG
@0x0000179: 0xEE BLD
@0x000017A: 0x81 LD 31
@0x000017C: 0xB6 CALL
True
@0x000017D: 0x20 POP
@0x000017E: 0x18 PUSHAL
@0x000017F: 0x17 PUSHDI
@0x0000180: 0x00 PUSHN
@0x0000181: 0x05 PUSHI 3
@0x0000183: 0xE2 MKKVP
@0x0000184: 0xEE BLD
@0x0000185: 0x04 PUSHI 0
@0x0000186: 0x05 PUSHI 4
@0x0000188: 0xE2 MKKVP
@0x0000189: 0xEE BLD
@0x000018A: 0x11 PUSHS 5, 'xyzzy'
@0x0000191: 0x05 PUSHI 5
@0x0000193: 0xE2 MKKVP
@0x0000194: 0xEE BLD
@0x0000195: 0x17 PUSHDI
@0x0000196: 0x00 PUSHN
@0x0000197: 0x05 PUSHI 3
@0x0000199: 0xE2 MKKVP
@0x000019A: 0xEE BLD
@0x000019B: 0x04 PUSHI 0
@0x000019C: 0x05 PUSHI 4
@0x000019E: 0xE2 MKKVP
@0x000019F: 0xEE BLD
@0x00001A0: 0x11 PUSHS 5, 'xyzzy'
@0x00001A7: 0x05 PUSHI 5
@0x00001A9: 0xE2 MKKVP
@0x00001AA: 0xEE BLD
@0x00001AB: 0x61 Binary op
@0x00001AC: 0xC0 MKARG
@0x00001AD: 0xEE BLD
@0x00001AE: 0x81 LD 31
@0x00001B0: 0xB6 CALL
True
@0x00001B1: 0x20 POP
@0x00001B2: 0xB3 JMP @0x00001B9
@0x00001B9: 0x19 PUSHPL
@0x00001BA: 0x1C PUSHCA @0x00001B7
@0x00001BF: 0xE0 MKFUN @0x00001B7
@0x00001C0: 0x85 LDA 58
@0x00001C2: 0x89 SETP
@0x00001C3: 0x18 PUSHAL
@0x00001C4: 0x81 LD 58
@0x00001C6: 0x81 LD 58
@0x00001C8: 0x61 Binary op
@0x00001C9: 0xC0 MKARG
@0x00001CA: 0xEE BLD
@0x00001CB: 0x81 LD 31
@0x00001CD: 0xB6 CALL
True
@0x00001CE: 0x20 POP
@0x00001CF: 0x18 PUSHAL
@0x00001D0: 0x81 LD 0
@0x00001D2: 0x81 LD 0
@0x00001D4: 0x61 Binary op
@0x00001D5: 0xC0 MKARG
@0x00001D6: 0xEE BLD
@0x00001D7: 0x81 LD 31
@0x00001D9: 0xB6 CALL
True
@0x00001DA: 0x20 POP
@0x00001DB: 0x18 PUSHAL
@0x00001DC: 0x18 PUSHAL
@0x00001DD: 0x00 PUSHN
@0x00001DE: 0xC0 MKARG
@0x00001DF: 0xEE BLD
@0x00001E0: 0x81 LD 41
@0x00001E2: 0xB6 CALL
@0x00001E3: 0x18 PUSHAL
@0x00001E4: 0x00 PUSHN
@0x00001E5: 0xC0 MKARG
@0x00001E6: 0xEE BLD
@0x00001E7: 0x81 LD 41
@0x00001E9: 0xB6 CALL
@0x00001EA: 0x61 Binary op
@0x00001EB: 0xC0 MKARG
@0x00001EC: 0xEE BLD
@0x00001ED: 0x81 LD 31
@0x00001EF: 0xB6 CALL
True
@0x00001F0: 0x20 POP
@0x00001F1: 0x18 PUSHAL
@0x00001F2: 0x11 PUSHS 3, '---'
@0x00001F7: 0xC0 MKARG
@0x00001F8: 0xEE BLD
@0x00001F9: 0x81 LD 31
@0x00001FB: 0xB6 CALL
---
@0x00001FC: 0x20 POP
@0x00001FD: 0x00 PUSHN
@0x00001FE: 0x85 LDA 57
@0x0000200: 0x89 SETP
@0x0000201: 0x18 PUSHAL
@0x0000202: 0x81 LD 57
@0x0000204: 0x01 PUSHE
@0x0000205: 0x61 Binary op
@0x0000206: 0xC0 MKARG
@0x0000207: 0xEE BLD
@0x0000208: 0x81 LD 31
@0x000020A: 0xB6 CALL
False
@0x000020B: 0x20 POP
@0x000020C: 0x02 PUSHF
@0x000020D: 0x85 LDA 57
@0x000020F: 0x89 SETP
@0x0000210: 0x18 PUSHAL
@0x0000211: 0x81 LD 57
@0x0000213: 0x03 PUSHT
@0x0000214: 0x61 Binary op
@0x0000215: 0xC0 MKARG
@0x0000216: 0xEE BLD
@0x0000217: 0x81 LD 31
@0x0000219: 0xB6 CALL
False
@0x000021A: 0x20 POP
@0x000021B: 0x04 PUSHI 0
@0x000021C: 0x85 LDA 57
@0x000021E: 0x89 SETP
@0x000021F: 0x18 PUSHAL
@0x0000220: 0x81 LD 57
@0x0000222: 0x05 PUSHI 1
@0x0000224: 0x61 Binary op
@0x0000225: 0xC0 MKARG
@0x0000226: 0xEE BLD
@0x0000227: 0x81 LD 31
@0x0000229: 0xB6 CALL
False
@0x000022A: 0x20 POP
@0x000022B: 0x08 PUSHD 0
@0x0000234: 0x85 LDA 57
@0x0000236: 0x89 SETP
@0x0000237: 0x18 PUSHAL
@0x0000238: 0x81 LD 57
@0x000023A: 0x08 PUSHD 0.1
@0x0000243: 0x61 Binary op
@0x0000244: 0xC0 MKARG
@0x0000245: 0xEE BLD
@0x0000246: 0x81 LD 31
@0x0000248: 0xB6 CALL
False
@0x0000249: 0x20 POP
@0x000024A: 0x05 PUSHI 5
@0x000024C: 0xE6 MKRE
@0x000024D: 0x85 LDA 57
@0x000024F: 0x89 SETP
@0x0000250: 0x18 PUSHAL
@0x0000251: 0x81 LD 57
@0x0000253: 0x05 PUSHI 2
@0x0000255: 0x05 PUSHI 5
@0x0000257: 0xEA MKRET
@0x0000258: 0x61 Binary op
@0x0000259: 0xC0 MKARG
@0x000025A: 0xEE BLD
@0x000025B: 0x81 LD 31
@0x000025D: 0xB6 CALL
False
@0x000025E: 0x20 POP
@0x000025F: 0x18 PUSHAL
@0x0000260: 0x05 PUSHI 5
@0x0000262: 0xE6 MKRE
@0x0000263: 0x05 PUSHI 5
@0x0000265: 0x05 PUSHI 1
@0x0000267: 0xE7 MKRSE
@0x0000268: 0x61 Binary op
@0x0000269: 0xC0 MKARG
@0x000026A: 0xEE BLD
@0x000026B: 0x81 LD 31
@0x000026D: 0xB6 CALL
False
@0x000026E: 0x20 POP
@0x000026F: 0x11 PUSHS 1, 'a'
@0x0000272: 0x85 LDA 57
@0x0000274: 0x89 SETP
@0x0000275: 0x18 PUSHAL
@0x0000276: 0x81 LD 57
@0x0000278: 0x11 PUSHS 2, 'ab'
@0x000027C: 0x61 Binary op
@0x000027D: 0xC0 MKARG
@0x000027E: 0xEE BLD
@0x000027F: 0x81 LD 31
@0x0000281: 0xB6 CALL
False
@0x0000282: 0x20 POP
@0x0000283: 0x18 PUSHAL
@0x0000284: 0x14 PUSHTU
@0x0000285: 0x05 PUSHI 3
@0x0000287: 0xEE BLD
@0x0000288: 0x05 PUSHI 4
@0x000028A: 0xEE BLD
@0x000028B: 0x05 PUSHI 5
@0x000028D: 0xEE BLD
@0x000028E: 0x14 PUSHTU
@0x000028F: 0x05 PUSHI 3
@0x0000291: 0xEE BLD
@0x0000292: 0x05 PUSHI 4
@0x0000294: 0xEE BLD
@0x0000295: 0x05 PUSHI 6
@0x0000297: 0xEE BLD
@0x0000298: 0x61 Binary op
@0x0000299: 0xC0 MKARG
@0x000029A: 0xEE BLD
@0x000029B: 0x81 LD 31
@0x000029D: 0xB6 CALL
False
@0x000029E: 0x20 POP
@0x000029F: 0x18 PUSHAL
@0x00002A0: 0x15 PUSHLI
@0x00002A1: 0x05 PUSHI 3
@0x00002A3: 0xEE BLD
@0x00002A4: 0x05 PUSHI 4
@0x00002A6: 0xEE BLD
@0x00002A7: 0x05 PUSHI 5
@0x00002A9: 0xEE BLD
@0x00002AA: 0x15 PUSHLI
@0x00002AB: 0x05 PUSHI 3
@0x00002AD: 0xEE BLD
@0x00002AE: 0x05 PUSHI 4
@0x00002B0: 0xEE BLD
@0x00002B1: 0x05 PUSHI 6
@0x00002B3: 0xEE BLD
@0x00002B4: 0x61 Binary op
@0x00002B5: 0xC0 MKARG
@0x00002B6: 0xEE BLD
@0x00002B7: 0x81 LD 31
@0x00002B9: 0xB6 CALL
False
@0x00002BA: 0x20 POP
@0x00002BB: 0x18 PUSHAL
@0x00002BC: 0x16 PUSHSE
@0x00002BD: 0x05 PUSHI 3
@0x00002BF: 0xEE BLD
@0x00002C0: 0x05 PUSHI 4
@0x00002C2: 0xEE BLD
@0x00002C3: 0x05 PUSHI 5
@0x00002C5: 0xEE BLD
@0x00002C6: 0x16 PUSHSE
@0x00002C7: 0x05 PUSHI 3
@0x00002C9: 0xEE BLD
@0x00002CA: 0x05 PUSHI 4
@0x00002CC: 0xEE BLD
@0x00002CD: 0x05 PUSHI 6
@0x00002CF: 0xEE BLD
@0x00002D0: 0x61 Binary op
@0x00002D1: 0xC0 MKARG
@0x00002D2: 0xEE BLD
@0x00002D3: 0x81 LD 31
@0x00002D5: 0xB6 CALL
False
@0x00002D6: 0x20 POP
@0x00002D7: 0x18 PUSHAL
@0x00002D8: 0x17 PUSHDI
@0x00002D9: 0x00 PUSHN
@0x00002DA: 0x05 PUSHI 3
@0x00002DC: 0xE2 MKKVP
@0x00002DD: 0xEE BLD
@0x00002DE: 0x04 PUSHI 0
@0x00002DF: 0x05 PUSHI 4
@0x00002E1: 0xE2 MKKVP
@0x00002E2: 0xEE BLD
@0x00002E3: 0x11 PUSHS 5, 'xyzzy'
@0x00002EA: 0x05 PUSHI 5
@0x00002EC: 0xE2 MKKVP
@0x00002ED: 0xEE BLD
@0x00002EE: 0x17 PUSHDI
@0x00002EF: 0x00 PUSHN
@0x00002F0: 0x05 PUSHI 3
@0x00002F2: 0xE2 MKKVP
@0x00002F3: 0xEE BLD
@0x00002F4: 0x05 PUSHI 1
@0x00002F6: 0x05 PUSHI 4
@0x00002F8: 0xE2 MKKVP
@0x00002F9: 0xEE BLD
@0x00002FA: 0x11 PUSHS 5, 'xyzzy'
@0x0000301: 0x05 PUSHI 5
@0x0000303: 0xE2 MKKVP
@0x0000304: 0xEE BLD
@0x0000305: 0x61 Binary op
@0x0000306: 0xC0 MKARG
@0x0000307: 0xEE BLD
@0x0000308: 0x81 LD 31
@0x000030A: 0xB6 CALL
False
@0x000030B: 0x20 POP
@0x000030C: 0xB3 JMP @0x0000313
@0x0000313: 0x19 PUSHPL
@0x0000314: 0x1C PUSHCA @0x0000311
@0x0000319: 0xE0 MKFUN @0x0000311
@0x000031A: 0x85 LDA 59
@0x000031C: 0x89 SETP
@0x000031D: 0x18 PUSHAL
@0x000031E: 0x81 LD 58
@0x0000320: 0x81 LD 59
@0x0000322: 0x61 Binary op
@0x0000323: 0xC0 MKARG
@0x0000324: 0xEE BLD
@0x0000325: 0x81 LD 31
@0x0000327: 0xB6 CALL
False
@0x0000328: 0x20 POP
@0x0000329: 0x18 PUSHAL
@0x000032A: 0x11 PUSHS 3, '---'
@0x000032F: 0xC0 MKARG
@0x0000330: 0xEE BLD
@0x0000331: 0x81 LD 31
@0x0000333: 0xB6 CALL
---
@0x0000334: 0x20 POP
@0x0000335: 0x18 PUSHAL
@0x0000336: 0x11 PUSHS 4, 'Done'
@0x000033C: 0xC0 MKARG
@0x000033D: 0xEE BLD
@0x000033E: 0x81 LD 31
@0x0000340: 0xB6 CALL
Done
@0x0000341: 0x20 POP
@0x0000342: 0xBC XMOD
@0x0000008: 0xFF END
---
Dump:
0x0000000: t=0x00(None) use=7
0x0000001: t=0x70(ns) count=2 root=0x0000004
0x0000002: t=0x70(ns) count=41 root=0x000005D
0x0000003: t=0x10(mod) use=41 code=0x0000000 ns=0x0000002 ld=1
0x0000004: t=0x7C(nsnode) sym=0 p=0x0000000 lr=0x00000FF val=0x0000003 clr=B gl=0 loc=1
0x0000005: t=0x09(tuple) use=1 count=1 head=0x0000007 tail=0x0000007
0x0000006: t=0x7C(nsnode) sym=1 p=0x000000D lr=0x0000101 val=0x0000005 clr=B gl=0 loc=1
0x0000007: t=0x62(elem) prev=0x0000000 next=0x0000000 val=0x0000008
0x0000008: t=0x08(str) use=1 count=0 head=0x0000000 tail=0x0000000
0x0000009: t=0x81(parms) count=1 head=0x000000B tail=0x000000B
0x000000A: t=0x80(parm) s=42
0x000000B: t=0x62(elem) prev=0x0000000 next=0x0000000 val=0x000000A
0x000000C: t=0x0F(func) use=1 s=3 mod=0x0000003 params=0x0000009
0x000000D: t=0x7C(nsnode) sym=3 p=0x0000018 lr=0x0000014 val=0x000000C clr=B gl=0 loc=1
0x000000E: t=0x81(parms) count=1 head=0x0000016 tail=0x0000016
0x000000F: t=0x81(parms) count=1 head=0x0000011 tail=0x0000011
0x0000010: t=0x80(parm) s=42
0x0000011: t=0x62(elem) prev=0x0000000 next=0x0000000 val=0x0000010
0x0000012: t=0x0F(func) use=1 s=4 mod=0x0000003 params=0x000000F
0x0000013: t=0x7C(nsnode) sym=4 p=0x000000D lr=0x0000000 val=0x0000012 clr=B gl=0 loc=1
0x0000014: t=0x7D(lrnode) l=0x0000006 r=0x0000013
0x0000015: t=0x80(parm) s=42
0x0000016: t=0x62(elem) prev=0x0000000 next=0x0000000 val=0x0000015
0x0000017: t=0x0F(func) use=1 s=5 mod=0x0000003 params=0x000000E
0x0000018: t=0x7C(nsnode) sym=5 p=0x0000030 lr=0x000001F val=0x0000017 clr=B gl=0 loc=1
0x0000019: t=0x81(parms) count=1 head=0x0000021 tail=0x0000021
0x000001A: t=0x81(parms) count=1 head=0x000001C tail=0x000001C
0x000001B: t=0x80(parm) s=42
0x000001C: t=0x62(elem) prev=0x0000000 next=0x0000000 val=0x000001B
0x000001D: t=0x0F(func) use=1 s=6 mod=0x0000003 params=0x000001A
0x000001E: t=0x7C(nsnode) sym=6 p=0x0000023 lr=0x0000000 val=0x000001D clr=B gl=0 loc=1
0x000001F: t=0x7D(lrnode) l=0x000000D r=0x0000023
0x0000020: t=0x80(parm) s=42
0x0000021: t=0x62(elem) prev=0x0000000 next=0x0000000 val=0x0000020
0x0000022: t=0x0F(func) use=1 s=7 mod=0x0000003 params=0x0000019
0x0000023: t=0x7C(nsnode) sym=7 p=0x0000018 lr=0x000002A val=0x0000022 clr=B gl=0 loc=1
0x0000024: t=0x81(parms) count=2 head=0x000002C tail=0x000002E
0x0000025: t=0x81(parms) count=1 head=0x0000027 tail=0x0000027
0x0000026: t=0x80(parm) s=42
0x0000027: t=0x62(elem) prev=0x0000000 next=0x0000000 val=0x0000026
0x0000028: t=0x0F(func) use=1 s=8 mod=0x0000003 params=0x0000025
0x0000029: t=0x7C(nsnode) sym=8 p=0x0000023 lr=0x0000000 val=0x0000028 clr=B gl=0 loc=1
0x000002A: t=0x7D(lrnode) l=0x000001E r=0x0000029
0x000002B: t=0x80(parm) s=43
0x000002C: t=0x62(elem) prev=0x0000000 next=0x000002E val=0x000002B
0x000002D: t=0x80(parm) s=42
0x000002E: t=0x62(elem) prev=0x000002C next=0x0000000 val=0x000002D
0x000002F: t=0x0F(func) use=1 s=9 mod=0x0000003 params=0x0000024
0x0000030: t=0x7C(nsnode) sym=9 p=0x000005D lr=0x0000037 val=0x000002F clr=R gl=0 loc=1
0x0000031: t=0x81(parms) count=1 head=0x000003A tail=0x000003A
0x0000032: t=0x81(parms) count=1 head=0x0000034 tail=0x0000034
0x0000033: t=0x80(parm) s=42
0x0000034: t=0x62(elem) prev=0x0000000 next=0x0000000 val=0x0000033
0x0000035: t=0x0F(func) use=1 s=10 mod=0x0000003 params=0x0000032
0x0000036: t=0x7C(nsnode) sym=10 p=0x000003C lr=0x0000000 val=0x0000035 clr=B gl=0 loc=1
0x0000037: t=0x7D(lrnode) l=0x0000018 r=0x0000047
0x0000038: t=0x80(parm) s=42 dflt=0x0000039
0x0000039: t=0x02(bool) use=1 value=False
0x000003A: t=0x62(elem) prev=0x0000000 next=0x0000000 val=0x0000038
0x000003B: t=0x0F(func) use=1 s=11 mod=0x0000003 params=0x0000031
0x000003C: t=0x7C(nsnode) sym=11 p=0x0000047 lr=0x0000043 val=0x000003B clr=B gl=0 loc=1
0x000003D: t=0x81(parms) count=1 head=0x0000045 tail=0x0000045
0x000003E: t=0x81(parms) count=1 head=0x0000040 tail=0x0000040
0x000003F: t=0x80(parm) s=42
0x0000040: t=0x62(elem) prev=0x0000000 next=0x0000000 val=0x000003F
0x0000041: t=0x0F(func) use=1 s=12 mod=0x0000003 params=0x000003E
0x0000042: t=0x7C(nsnode) sym=12 p=0x000003C lr=0x0000000 val=0x0000041 clr=B gl=0 loc=1
0x0000043: t=0x7D(lrnode) l=0x0000036 r=0x0000042
0x0000044: t=0x80(parm) s=42
0x0000045: t=0x62(elem) prev=0x0000000 next=0x0000000 val=0x0000044
0x0000046: t=0x0F(func) use=1 s=13 mod=0x0000003 params=0x000003D
0x0000047: t=0x7C(nsnode) sym=13 p=0x0000030 lr=0x000004E val=0x0000046 clr=B gl=0 loc=1
0x0000048: t=0x81(parms) count=1 head=0x0000050 tail=0x0000050
0x0000049: t=0x81(parms) count=1 head=0x000004B tail=0x000004B
0x000004A: t=0x80(parm) s=42
0x000004B: t=0x62(elem) prev=0x0000000 next=0x0000000 val=0x000004A
0x000004C: t=0x0F(func) use=1 s=14 mod=0x0000003 params=0x0000049
0x000004D: t=0x7C(nsnode) sym=14 p=0x0000052 lr=0x0000000 val=0x000004C clr=B gl=0 loc=1
0x000004E: t=0x7D(lrnode) l=0x000003C r=0x0000052
0x000004F: t=0x80(parm) s=44
0x0000050: t=0x62(elem) prev=0x0000000 next=0x0000000 val=0x000004F
0x0000051: t=0x0F(func) use=1 s=15 mod=0x0000003 params=0x0000048
0x0000052: t=0x7C(nsnode) sym=15 p=0x0000047 lr=0x0000059 val=0x0000051 clr=B gl=0 loc=1
0x0000053: t=0x81(parms) count=1 head=0x000005B tail=0x000005B
0x0000054: t=0x81(parms) count=1 head=0x0000056 tail=0x0000056
0x0000055: t=0x80(parm) s=45 dflt=0x0000000
0x0000056: t=0x62(elem) prev=0x0000000 next=0x0000000 val=0x0000055
0x0000057: t=0x0F(func) use=1 s=16 mod=0x0000003 params=0x0000054
0x0000058: t=0x7C(nsnode) sym=16 p=0x0000052 lr=0x0000000 val=0x0000057 clr=B gl=0 loc=1
0x0000059: t=0x7D(lrnode) l=0x000004D r=0x0000058
0x000005A: t=0x80(parm) s=42
0x000005B: t=0x62(elem) prev=0x0000000 next=0x0000000 val=0x000005A
0x000005C: t=0x0F(func) use=1 s=17 mod=0x0000003 params=0x0000053
0x000005D: t=0x7C(nsnode) sym=17 p=0x0000000 lr=0x0000065 val=0x000005C clr=B gl=0 loc=1
0x000005E: t=0x81(parms) count=1 head=0x0000067 tail=0x0000067
0x000005F: t=0x81(parms) count=1 head=0x0000062 tail=0x0000062
0x0000060: t=0x80(parm) s=42 dflt=0x0000061
0x0000061: t=0x04(float) use=1 value=0
0x0000062: t=0x62(elem) prev=0x0000000 next=0x0000000 val=0x0000060
0x0000063: t=0x0F(func) use=1 s=18 mod=0x0000003 params=0x000005F
0x0000064: t=0x7C(nsnode) sym=18 p=0x0000069 lr=0x0000000 val=0x0000063 clr=B gl=0 loc=1
0x0000065: t=0x7D(lrnode) l=0x0000030 r=0x0000094
0x0000066: t=0x80(parm) s=42
0x0000067: t=0x62(elem) prev=0x0000000 next=0x0000000 val=0x0000066
0x0000068: t=0x0F(func) use=1 s=19 mod=0x0000003 params=0x000005E
0x0000069: t=0x7C(nsnode) sym=19 p=0x0000076 lr=0x0000072 val=0x0000068 clr=B gl=0 loc=1
0x000006A: t=0x81(parms) count=1 head=0x0000074 tail=0x0000074
0x000006B: t=0x81(parms) count=2 head=0x000006D tail=0x000006F
0x000006C: t=0x80(parm) s=42
0x000006D: t=0x62(elem) prev=0x0000000 next=0x000006F val=0x000006C
0x000006E: t=0x80(parm) s=43
0x000006F: t=0x62(elem) prev=0x000006D next=0x0000000 val=0x000006E
0x0000070: t=0x0F(func) use=1 s=20 mod=0x0000003 params=0x000006B
0x0000071: t=0x7C(nsnode) sym=20 p=0x0000069 lr=0x0000000 val=0x0000070 clr=B gl=0 loc=1
0x0000072: t=0x7D(lrnode) l=0x0000064 r=0x0000071
0x0000073: t=0x80(parm) s=46
0x0000074: t=0x62(elem) prev=0x0000000 next=0x0000000 val=0x0000073
0x0000075: t=0x0F(func) use=1 s=21 mod=0x0000003 params=0x000006A
0x0000076: t=0x7C(nsnode) sym=21 p=0x0000094 lr=0x0000083 val=0x0000075 clr=B gl=0 loc=1
0x0000077: t=0x81(parms) count=1 head=0x0000085 tail=0x0000085
0x0000078: t=0x81(parms) count=3 head=0x000007B tail=0x0000080
0x0000079: t=0x80(parm) s=42 dflt=0x000007A
0x000007A: t=0x03(int) use=1 value=0
0x000007B: t=0x62(elem) prev=0x0000000 next=0x000007D val=0x0000079
0x000007C: t=0x80(parm) s=47 dflt=0x0000000
0x000007D: t=0x62(elem) prev=0x000007B next=0x0000080 val=0x000007C
0x000007E: t=0x80(parm) s=48 dflt=0x000007F
0x000007F: t=0x02(bool) use=2 value=True
0x0000080: t=0x62(elem) prev=0x000007D next=0x0000000 val=0x000007E
0x0000081: t=0x0F(func) use=1 s=22 mod=0x0000003 params=0x0000078
0x0000082: t=0x7C(nsnode) sym=22 p=0x0000087 lr=0x0000000 val=0x0000081 clr=B gl=0 loc=1
0x0000083: t=0x7D(lrnode) l=0x0000069 r=0x0000087
0x0000084: t=0x80(parm) s=49
0x0000085: t=0x62(elem) prev=0x0000000 next=0x0000000 val=0x0000084
0x0000086: t=0x0F(func) use=1 s=23 mod=0x0000003 params=0x0000077
0x0000087: t=0x7C(nsnode) sym=23 p=0x0000076 lr=0x0000090 val=0x0000086 clr=B gl=0 loc=1
0x0000088: t=0x81(parms) count=1 head=0x0000092 tail=0x0000092
0x0000089: t=0x81(parms) count=2 head=0x000008B tail=0x000008D
0x000008A: t=0x80(parm) s=46
0x000008B: t=0x62(elem) prev=0x0000000 next=0x000008D val=0x000008A
0x000008C: t=0x80(parm) s=50 dflt=0x000007F
0x000008D: t=0x62(elem) prev=0x000008B next=0x0000000 val=0x000008C
0x000008E: t=0x0F(func) use=1 s=24 mod=0x0000003 params=0x0000089
0x000008F: t=0x7C(nsnode) sym=24 p=0x0000087 lr=0x0000000 val=0x000008E clr=B gl=0 loc=1
0x0000090: t=0x7D(lrnode) l=0x0000082 r=0x000008F
0x0000091: t=0x80(parm) s=46
0x0000092: t=0x62(elem) prev=0x0000000 next=0x0000000 val=0x0000091
0x0000093: t=0x0F(func) use=1 s=25 mod=0x0000003 params=0x0000088
0x0000094: t=0x7C(nsnode) sym=25 p=0x000005D lr=0x000009B val=0x0000093 clr=R gl=0 loc=1
0x0000095: t=0x81(parms) count=2 head=0x000009D tail=0x000009F
0x0000096: t=0x81(parms) count=1 head=0x0000098 tail=0x0000098
0x0000097: t=0x80(parm) s=49 dflt=0x0000000
0x0000098: t=0x62(elem) prev=0x0000000 next=0x0000000 val=0x0000097
0x0000099: t=0x0F(func) use=1 s=26 mod=0x0000003 params=0x0000096
0x000009A: t=0x7C(nsnode) sym=26 p=0x00000A1 lr=0x0000000 val=0x0000099 clr=B gl=0 loc=1
0x000009B: t=0x7D(lrnode) l=0x0000076 r=0x00000AA
0x000009C: t=0x80(parm) s=42
0x000009D: t=0x62(elem) prev=0x0000000 next=0x000009F val=0x000009C
0x000009E: t=0x80(parm) s=47 dflt=0x0000000
0x000009F: t=0x62(elem) prev=0x000009D next=0x0000000 val=0x000009E
0x00000A0: t=0x0F(func) use=1 s=27 mod=0x0000003 params=0x0000095
0x00000A1: t=0x7C(nsnode) sym=27 p=0x00000AA lr=0x00000A8 val=0x00000A0 clr=B gl=0 loc=1
0x00000A2: t=0x81(parms) count=0 head=0x0000000 tail=0x0000000
0x00000A3: t=0x81(parms) count=1 head=0x00000A5 tail=0x00000A5
0x00000A4: t=0x80(parm) s=42
0x00000A5: t=0x62(elem) prev=0x0000000 next=0x0000000 val=0x00000A4
0x00000A6: t=0x0F(func) use=1 s=28 mod=0x0000003 params=0x00000A3
0x00000A7: t=0x7C(nsnode) sym=28 p=0x00000A1 lr=0x0000000 val=0x00000A6 clr=B gl=0 loc=1
0x00000A8: t=0x7D(lrnode) l=0x000009A r=0x00000A7
0x00000A9: t=0x0F(func) use=1 s=29 mod=0x0000003 params=0x00000A2
0x00000AA: t=0x7C(nsnode) sym=29 p=0x0000094 lr=0x00000B3 val=0x00000A9 clr=B gl=0 loc=1
0x00000AB: t=0x81(parms) count=3 head=0x00000B5 tail=0x00000BF
0x00000AC: t=0x81(parms) count=2 head=0x00000AE tail=0x00000B0
0x00000AD: t=0x80(parm) s=51
0x00000AE: t=0x62(elem) prev=0x0000000 next=0x00000B0 val=0x00000AD
0x00000AF: t=0x80(parm) s=52 dflt=0x0000000
0x00000B0: t=0x62(elem) prev=0x00000AE next=0x0000000 val=0x00000AF
0x00000B1: t=0x0F(func) use=1 s=30 mod=0x0000003 params=0x00000AC
0x00000B2: t=0x7C(nsnode) sym=30 p=0x00000C1 lr=0x0000000 val=0x00000B1 clr=B gl=0 loc=1
0x00000B3: t=0x7D(lrnode) l=0x00000A1 r=0x00000CC
0x00000B4: t=0x80(parm) s=53 tgrp
0x00000B5: t=0x62(elem) prev=0x0000000 next=0x00000BA val=0x00000B4
0x00000B6: t=0x80(parm) s=54 dflt=0x00000B7
0x00000B7: t=0x08(str) use=1 count=1 head=0x00000B9 tail=0x00000B9
0x00000B8: t=0x64(strfrag) c=1 s=' '
0x00000B9: t=0x62(elem) prev=0x0000000 next=0x0000000 val=0x00000B8
0x00000BA: t=0x62(elem) prev=0x00000B5 next=0x00000BF val=0x00000B6
0x00000BB: t=0x80(parm) s=52 dflt=0x00000BC
0x00000BC: t=0x08(str) use=1 count=1 head=0x00000BE tail=0x00000BE
0x00000BD: t=0x64(strfrag) c=1 s='\x0a'
0x00000BE: t=0x62(elem) prev=0x0000000 next=0x0000000 val=0x00000BD
0x00000BF: t=0x62(elem) prev=0x00000BA next=0x0000000 val=0x00000BB
0x00000C0: t=0x0F(func) use=1 s=31 mod=0x0000003 params=0x00000AB
0x00000C1: t=0x7C(nsnode) sym=31 p=0x00000CC lr=0x00000C8 val=0x00000C0 clr=B gl=0 loc=1
0x00000C2: t=0x81(parms) count=1 head=0x00000CA tail=0x00000CA
0x00000C3: t=0x81(parms) count=1 head=0x00000C5 tail=0x00000C5
0x00000C4: t=0x80(parm) s=42
0x00000C5: t=0x62(elem) prev=0x0000000 next=0x0000000 val=0x00000C4
0x00000C6: t=0x0F(func) use=1 s=32 mod=0x0000003 params=0x00000C3
0x00000C7: t=0x7C(nsnode) sym=32 p=0x00000C1 lr=0x0000000 val=0x00000C6 clr=B gl=0 loc=1
0x00000C8: t=0x7D(lrnode) l=0x00000B2 r=0x00000C7
0x00000C9: t=0x80(parm) s=42
0x00000CA: t=0x62(elem) prev=0x0000000 next=0x0000000 val=0x00000C9
0x00000CB: t=0x0F(func) use=1 s=33 mod=0x0000003 params=0x00000C2
0x00000CC: t=0x7C(nsnode) sym=33 p=0x00000AA lr=0x00000D3 val=0x00000CB clr=R gl=0 loc=1
0x00000CD: t=0x81(parms) count=1 head=0x00000D5 tail=0x00000D5
0x00000CE: t=0x81(parms) count=1 head=0x00000D0 tail=0x00000D0
0x00000CF: t=0x80(parm) s=42
0x00000D0: t=0x62(elem) prev=0x0000000 next=0x0000000 val=0x00000CF
0x00000D1: t=0x0F(func) use=1 s=34 mod=0x0000003 params=0x00000CE
0x00000D2: t=0x7C(nsnode) sym=34 p=0x00000D7 lr=0x0000000 val=0x00000D1 clr=B gl=0 loc=1
0x00000D3: t=0x7D(lrnode) l=0x00000C1 r=0x00000E3
0x00000D4: t=0x80(parm) s=42
0x00000D5: t=0x62(elem) prev=0x0000000 next=0x0000000 val=0x00000D4
0x00000D6: t=0x0F(func) use=1 s=35 mod=0x0000003 params=0x00000CD
0x00000D7: t=0x7C(nsnode) sym=35 p=0x00000E3 lr=0x00000DE val=0x00000D6 clr=R gl=0 loc=1
0x00000D8: t=0x81(parms) count=1 head=0x00000E1 tail=0x00000E1
0x00000D9: t=0x81(parms) count=1 head=0x00000DB tail=0x00000DB
0x00000DA: t=0x80(parm) s=55
0x00000DB: t=0x62(elem) prev=0x0000000 next=0x0000000 val=0x00000DA
0x00000DC: t=0x0F(func) use=1 s=36 mod=0x0000003 params=0x00000D9
0x00000DD: t=0x7C(nsnode) sym=36 p=0x00000D7 lr=0x0000000 val=0x00000DC clr=B gl=0 loc=1
0x00000DE: t=0x7D(lrnode) l=0x00000D2 r=0x00000DD
0x00000DF: t=0x80(parm) s=42 dflt=0x00000E0
0x00000E0: t=0x08(str) use=1 count=0 head=0x0000000 tail=0x0000000
0x00000E1: t=0x62(elem) prev=0x0000000 next=0x0000000 val=0x00000DF
0x00000E2: t=0x0F(func) use=1 s=37 mod=0x0000003 params=0x00000D8
0x00000E3: t=0x7C(nsnode) sym=37 p=0x00000CC lr=0x00000EA val=0x00000E2 clr=B gl=0 loc=1
0x00000E4: t=0x81(parms) count=1 head=0x00000EC tail=0x00000EC
0x00000E5: t=0x81(parms) count=1 head=0x00000E7 tail=0x00000E7
0x00000E6: t=0x80(parm) s=42
0x00000E7: t=0x62(elem) prev=0x0000000 next=0x0000000 val=0x00000E6
0x00000E8: t=0x0F(func) use=1 s=38 mod=0x0000003 params=0x00000E5
0x00000E9: t=0x7C(nsnode) sym=38 p=0x00000EE lr=0x0000000 val=0x00000E8 clr=B gl=0 loc=1
0x00000EA: t=0x7D(lrnode) l=0x00000D7 r=0x00000EE
0x00000EB: t=0x80(parm) s=42
0x00000EC: t=0x62(elem) prev=0x0000000 next=0x0000000 val=0x00000EB
0x00000ED: t=0x0F(func) use=1 s=39 mod=0x0000003 params=0x00000E4
0x00000EE: t=0x7C(nsnode) sym=39 p=0x00000E3 lr=0x00000F5 val=0x00000ED clr=R gl=0 loc=1
0x00000EF: t=0x81(parms) count=1 head=0x00000F7 tail=0x00000F7
0x00000F0: t=0x81(parms) count=1 head=0x00000F2 tail=0x00000F2
0x00000F1: t=0x80(parm) s=49 dflt=0x0000000
0x00000F2: t=0x62(elem) prev=0x0000000 next=0x0000000 val=0x00000F1
0x00000F3: t=0x0F(func) use=1 s=40 mod=0x0000003 params=0x00000F0
0x00000F4: t=0x7C(nsnode) sym=40 p=0x00000EE lr=0x00000FA val=0x00000F3 clr=B gl=0 loc=1
0x00000F5: t=0x7D(lrnode) l=0x00000E9 r=0x00000F4
0x00000F6: t=0x80(parm) s=46
0x00000F7: t=0x62(elem) prev=0x0000000 next=0x0000000 val=0x00000F6
0x00000F8: t=0x0F(func) use=1 s=41 mod=0x0000003 params=0x00000EF
0x00000F9: t=0x7C(nsnode) sym=41 p=0x00000F4 lr=0x0000000 val=0x00000F8 clr=R gl=0 loc=1
0x00000FA: t=0x7D(lrnode) l=0x0000000 r=0x00000F9
0x00000FB: t=0x70(ns) count=4 root=0x0000105
0x00000FC: t=0x7C(nsnode) sym=0 p=0x0000105 lr=0x0000000 val=0x0000003 clr=B gl=0 loc=1
0x00000FD: t=0x10(mod) use=4 code=0x0000009 ns=0x00000FB ld=1
0x00000FE: t=0x7C(nsnode) sym=56 p=0x0000004 lr=0x0000000 val=0x00000FD clr=R gl=0 loc=1
0x00000FF: t=0x7D(lrnode) l=0x0000000 r=0x00000FE
0x0000100: t=0x7C(nsnode) sym=2 p=0x0000006 lr=0x0000000 val=0x00000FD clr=R gl=0 loc=1
0x0000101: t=0x7D(lrnode) l=0x0000000 r=0x0000100
0x0000102...0x0000103: t=0xFF(free)
0x0000104: t=0x64(strfrag) c=1 s='a'
0x0000105: t=0x7C(nsnode) sym=57 p=0x0000000 lr=0x000010F val=0x0000109 clr=B gl=0 loc=1
0x0000106: t=0x62(elem) prev=0x0000000 next=0x0000000 val=0x0000104
0x0000107...0x0000108: t=0xFF(free)
0x0000109: t=0x08(str) use=1 count=1 head=0x0000106 tail=0x0000106
0x000010A...0x000010E: t=0xFF(free)
0x000010F: t=0x7D(lrnode) l=0x00000FC r=0x0000121
0x0000110: t=0xFF(free)
0x0000111: t=0x7D(lrnode) l=0x0000000 r=0x000011A
0x0000112...0x0000113: t=0xFF(free)
0x0000114: t=0x81(parms) count=0 head=0x0000000 tail=0x0000000
0x0000115...0x0000119: t=0xFF(free)
0x000011A: t=0x7C(nsnode) sym=59 p=0x0000121 lr=0x0000000 val=0x0000125 clr=R gl=0 loc=1
0x000011B...0x000011C: t=0xFF(free)
0x000011D: t=0x81(parms) count=0 head=0x0000000 tail=0x0000000
0x000011E...0x0000120: t=0xFF(free)
0x0000121: t=0x7C(nsnode) sym=58 p=0x0000105 lr=0x0000111 val=0x0000123 clr=B gl=0 loc=1
0x0000122: t=0xFF(free)
0x0000123: t=0x0F(func) use=1 code=0x00001B7 mod=0x00000FD params=0x000011D
0x0000124: t=0xFF(free)
0x0000125: t=0x0F(func) use=1 code=0x0000311 mod=0x00000FD params=0x0000114
0x0000126...0x00007FF: t=0xFF(free)
---
Program counter: 0x0000009
Free count: 1778; next free entry: 0x0000103
Free count low water mark: 1750
Stack: empty
Modules: 0x0000001
Current module: 0x0000003
System namespace: 0x0000002
Current global namespace: 0x0000002
Current local namespace: 0x0000002
---
Executed 528 instructions
Run error 0x01: Complete
Program counter: 0x0000009; equal.asp:1:5
