Executing instructions indefinitely...
@0x0000000: 0xB9 ADDMOD 50, @0x0000009
@0x0000006: 0xBD LDMOD 50
@0x0000009: 0x18 PUSHAL
@0x000000A: 0x11 PUSHS 16, 'Value is... "%d"'
@0x000001C: 0x14 PUSHTU
@0x000001D: 0x05 PUSHI 100
@0x000001F: 0xEE BLD
@0x0000020: 0x5D Binary op
@0x0000021: 0xC0 MKARG
@0x0000022: 0xEE BLD
@0x0000023: 0x81 LD 27
@0x0000025: 0xB6 CALL
Value is... "100"
@0x0000026: 0x20 POP
@0x0000027: 0x18 PUSHAL
@0x0000028: 0x11 PUSHS 16, 'Value is... "%i"'
@0x000003A: 0x14 PUSHTU
@0x000003B: 0x06 PUSHI 200
@0x000003E: 0xEE BLD
@0x000003F: 0x5D Binary op
@0x0000040: 0xC0 MKARG
@0x0000041: 0xEE BLD
@0x0000042: 0x81 LD 27
@0x0000044: 0xB6 CALL
Value is... "200"
@0x0000045: 0x20 POP
@0x0000046: 0x18 PUSHAL
@0x0000047: 0x11 PUSHS 17, 'Value is... "%#o"'
@0x000005A: 0x14 PUSHTU
@0x000005B: 0x05 PUSHI 100
@0x000005D: 0xEE BLD
@0x000005E: 0x5D Binary op
@0x000005F: 0xC0 MKARG
@0x0000060: 0xEE BLD
@0x0000061: 0x81 LD 27
@0x0000063: 0xB6 CALL
Value is... "0144"
@0x0000064: 0x20 POP
@0x0000065: 0x18 PUSHAL
@0x0000066: 0x11 PUSHS 17, 'Value is... "%#x"'
@0x0000079: 0x14 PUSHTU
@0x000007A: 0x06 PUSHI 200
@0x000007D: 0xEE BLD
@0x000007E: 0x5D Binary op
@0x000007F: 0xC0 MKARG
@0x0000080: 0xEE BLD
@0x0000081: 0x81 LD 27
@0x0000083: 0xB6 CALL
Value is... "0xc8"
@0x0000084: 0x20 POP
@0x0000085: 0x18 PUSHAL
@0x0000086: 0x11 PUSHS 17, 'Value is... "%#X"'
@0x0000099: 0x14 PUSHTU
@0x000009A: 0x06 PUSHI 200
@0x000009D: 0xEE BLD
@0x000009E: 0x5D Binary op
@0x000009F: 0xC0 MKARG
@0x00000A0: 0xEE BLD
@0x00000A1: 0x81 LD 27
@0x00000A3: 0xB6 CALL
Value is... "0XC8"
@0x00000A4: 0x20 POP
@0x00000A5: 0x18 PUSHAL
@0x00000A6: 0x11 PUSHS 22, 'Values are... "%#7.0f"'
@0x00000BE: 0x14 PUSHTU
@0x00000BF: 0x05 PUSHI 3
@0x00000C1: 0xEE BLD
@0x00000C2: 0x5D Binary op
@0x00000C3: 0xC0 MKARG
@0x00000C4: 0xEE BLD
@0x00000C5: 0x81 LD 27
@0x00000C7: 0xB6 CALL
Values are... "     3."
@0x00000C8: 0x20 POP
@0x00000C9: 0x18 PUSHAL
@0x00000CA: 0x11 PUSHS 31, 'Values are... "%+7.3f" and "%g"'
@0x00000EB: 0x14 PUSHTU
@0x00000EC: 0x08 PUSHD 3.94
@0x00000F5: 0xEE BLD
@0x00000F6: 0x18 PUSHAL
@0x00000F7: 0x05 PUSHI -1
@0x00000F9: 0xC0 MKARG
@0x00000FA: 0xEE BLD
@0x00000FB: 0x81 LD 3
@0x00000FD: 0xB6 CALL
@0x00000FE: 0xEE BLD
@0x00000FF: 0x5D Binary op
@0x0000100: 0xC0 MKARG
@0x0000101: 0xEE BLD
@0x0000102: 0x81 LD 27
@0x0000104: 0xB6 CALL
Values are... " +3.940" and "3.14159"
@0x0000105: 0x20 POP
@0x0000106: 0x18 PUSHAL
@0x0000107: 0x11 PUSHS 29, 'Values are... "%+e" and "%-e"'
@0x0000126: 0x14 PUSHTU
@0x0000127: 0x08 PUSHD 3.94e-07
@0x0000130: 0xEE BLD
@0x0000131: 0x08 PUSHD 2.71e+08
@0x000013A: 0xEE BLD
@0x000013B: 0x5D Binary op
@0x000013C: 0xC0 MKARG
@0x000013D: 0xEE BLD
@0x000013E: 0x81 LD 27
@0x0000140: 0xB6 CALL
Values are... "+3.940000e-07" and "2.710000e+08"
@0x0000141: 0x20 POP
@0x0000142: 0x18 PUSHAL
@0x0000143: 0x11 PUSHS 29, 'Values are... "%+G" and "%-G"'
@0x0000162: 0x14 PUSHTU
@0x0000163: 0x08 PUSHD 3.94e-07
@0x000016C: 0xEE BLD
@0x000016D: 0x08 PUSHD 2.71e+08
@0x0000176: 0xEE BLD
@0x0000177: 0x5D Binary op
@0x0000178: 0xC0 MKARG
@0x0000179: 0xEE BLD
@0x000017A: 0x81 LD 27
@0x000017C: 0xB6 CALL
Values are... "+3.94E-07" and "2.71E+08"
@0x000017D: 0x20 POP
@0x000017E: 0x18 PUSHAL
@0x000017F: 0x11 PUSHS 23, 'Value is... "%c", "%c".'
@0x0000198: 0x14 PUSHTU
@0x0000199: 0x11 PUSHS 1, 'A'
@0x000019C: 0xEE BLD
@0x000019D: 0x05 PUSHI 97
@0x000019F: 0xEE BLD
@0x00001A0: 0x5D Binary op
@0x00001A1: 0xC0 MKARG
@0x00001A2: 0xEE BLD
@0x00001A3: 0x81 LD 27
@0x00001A5: 0xB6 CALL
Value is... "A", "a".
@0x00001A6: 0x20 POP
@0x00001A7: 0x18 PUSHAL
@0x00001A8: 0x11 PUSHS 29, 'Value is... "%07s" %% "%14s".'
@0x00001C7: 0x14 PUSHTU
@0x00001C8: 0x15 PUSHLI
@0x00001C9: 0x05 PUSHI 123
@0x00001CB: 0xEE BLD
@0x00001CC: 0x11 PUSHS 1, 'a'
@0x00001CF: 0xEE BLD
@0x00001D0: 0xEE BLD
@0x00001D1: 0x14 PUSHTU
@0x00001D2: 0x04 PUSHI 0
@0x00001D3: 0xEE BLD
@0x00001D4: 0x08 PUSHD 3.94
@0x00001DD: 0xEE BLD
@0x00001DE: 0xEE BLD
@0x00001DF: 0x5D Binary op
@0x00001E0: 0xC0 MKARG
@0x00001E1: 0xEE BLD
@0x00001E2: 0x81 LD 27
@0x00001E4: 0xB6 CALL
Value is... "[123, 'a']" % "     (0, 3.94)".
@0x00001E5: 0x20 POP
@0x00001E6: 0xB3 JMP @0x000020D
@0x000020D: 0x19 PUSHPL
@0x000020E: 0xD1 MKPAR 51
@0x0000210: 0xEE BLD
@0x0000211: 0xD1 MKPAR 49
@0x0000213: 0xEE BLD
@0x0000214: 0x1C PUSHCA @0x00001EB
@0x0000219: 0xE0 MKFUN @0x00001EB
@0x000021A: 0x85 LDA 52
@0x000021C: 0x89 SETP
@0x000021D: 0x11 PUSHS 5, 'abcde'
@0x0000224: 0x85 LDA 49
@0x0000226: 0x89 SETP
@0x0000227: 0x18 PUSHAL
@0x0000228: 0x11 PUSHS 3, '%3s'
@0x000022D: 0xC0 MKARG
@0x000022E: 0xEE BLD
@0x000022F: 0x81 LD 49
@0x0000231: 0xC0 MKARG
@0x0000232: 0xEE BLD
@0x0000233: 0x81 LD 52
@0x0000235: 0xB6 CALL
@0x00001EB: 0x18 PUSHAL
@0x00001EC: 0x81 LD 51
@0x00001EE: 0xC0 MKARG
@0x00001EF: 0xEE BLD
@0x00001F0: 0x11 PUSHS 2, '->'
@0x00001F4: 0xC0 MKARG
@0x00001F5: 0xEE BLD
@0x00001F6: 0x11 PUSHS 1, '"'
@0x00001F9: 0x81 LD 51
@0x00001FB: 0x58 Binary op
@0x00001FC: 0x11 PUSHS 1, '"'
@0x00001FF: 0x58 Binary op
@0x0000200: 0x14 PUSHTU
@0x0000201: 0x81 LD 49
@0x0000203: 0xEE BLD
@0x0000204: 0x5D Binary op
@0x0000205: 0xC0 MKARG
@0x0000206: 0xEE BLD
@0x0000207: 0x81 LD 27
@0x0000209: 0xB6 CALL
%3s -> "abcde"
@0x000020A: 0x20 POP
@0x000020B: 0x00 PUSHN
@0x000020C: 0xB7 RET
@0x0000236: 0x20 POP
@0x0000237: 0x18 PUSHAL
@0x0000238: 0x11 PUSHS 3, '%7s'
@0x000023D: 0xC0 MKARG
@0x000023E: 0xEE BLD
@0x000023F: 0x81 LD 49
@0x0000241: 0xC0 MKARG
@0x0000242: 0xEE BLD
@0x0000243: 0x81 LD 52
@0x0000245: 0xB6 CALL
@0x00001EB: 0x18 PUSHAL
@0x00001EC: 0x81 LD 51
@0x00001EE: 0xC0 MKARG
@0x00001EF: 0xEE BLD
@0x00001F0: 0x11 PUSHS 2, '->'
@0x00001F4: 0xC0 MKARG
@0x00001F5: 0xEE BLD
@0x00001F6: 0x11 PUSHS 1, '"'
@0x00001F9: 0x81 LD 51
@0x00001FB: 0x58 Binary op
@0x00001FC: 0x11 PUSHS 1, '"'
@0x00001FF: 0x58 Binary op
@0x0000200: 0x14 PUSHTU
@0x0000201: 0x81 LD 49
@0x0000203: 0xEE BLD
@0x0000204: 0x5D Binary op
@0x0000205: 0xC0 MKARG
@0x0000206: 0xEE BLD
@0x0000207: 0x81 LD 27
@0x0000209: 0xB6 CALL
%7s -> "  abcde"
@0x000020A: 0x20 POP
@0x000020B: 0x00 PUSHN
@0x000020C: 0xB7 RET
@0x0000246: 0x20 POP
@0x0000247: 0x18 PUSHAL
@0x0000248: 0x11 PUSHS 4, '%.2s'
@0x000024E: 0xC0 MKARG
@0x000024F: 0xEE BLD
@0x0000250: 0x81 LD 49
@0x0000252: 0xC0 MKARG
@0x0000253: 0xEE BLD
@0x0000254: 0x81 LD 52
@0x0000256: 0xB6 CALL
@0x00001EB: 0x18 PUSHAL
@0x00001EC: 0x81 LD 51
@0x00001EE: 0xC0 MKARG
@0x00001EF: 0xEE BLD
@0x00001F0: 0x11 PUSHS 2, '->'
@0x00001F4: 0xC0 MKARG
@0x00001F5: 0xEE BLD
@0x00001F6: 0x11 PUSHS 1, '"'
@0x00001F9: 0x81 LD 51
@0x00001FB: 0x58 Binary op
@0x00001FC: 0x11 PUSHS 1, '"'
@0x00001FF: 0x58 Binary op
@0x0000200: 0x14 PUSHTU
@0x0000201: 0x81 LD 49
@0x0000203: 0xEE BLD
@0x0000204: 0x5D Binary op
@0x0000205: 0xC0 MKARG
@0x0000206: 0xEE BLD
@0x0000207: 0x81 LD 27
@0x0000209: 0xB6 CALL
%.2s -> "ab"
@0x000020A: 0x20 POP
@0x000020B: 0x00 PUSHN
@0x000020C: 0xB7 RET
@0x0000257: 0x20 POP
@0x0000258: 0x18 PUSHAL
@0x0000259: 0x11 PUSHS 5, '%3.2s'
@0x0000260: 0xC0 MKARG
@0x0000261: 0xEE BLD
@0x0000262: 0x81 LD 49
@0x0000264: 0xC0 MKARG
@0x0000265: 0xEE BLD
@0x0000266: 0x81 LD 52
@0x0000268: 0xB6 CALL
@0x00001EB: 0x18 PUSHAL
@0x00001EC: 0x81 LD 51
@0x00001EE: 0xC0 MKARG
@0x00001EF: 0xEE BLD
@0x00001F0: 0x11 PUSHS 2, '->'
@0x00001F4: 0xC0 MKARG
@0x00001F5: 0xEE BLD
@0x00001F6: 0x11 PUSHS 1, '"'
@0x00001F9: 0x81 LD 51
@0x00001FB: 0x58 Binary op
@0x00001FC: 0x11 PUSHS 1, '"'
@0x00001FF: 0x58 Binary op
@0x0000200: 0x14 PUSHTU
@0x0000201: 0x81 LD 49
@0x0000203: 0xEE BLD
@0x0000204: 0x5D Binary op
@0x0000205: 0xC0 MKARG
@0x0000206: 0xEE BLD
@0x0000207: 0x81 LD 27
@0x0000209: 0xB6 CALL
%3.2s -> " ab"
@0x000020A: 0x20 POP
@0x000020B: 0x00 PUSHN
@0x000020C: 0xB7 RET
@0x0000269: 0x20 POP
@0x000026A: 0x18 PUSHAL
@0x000026B: 0x11 PUSHS 5, '%3.3s'
@0x0000272: 0xC0 MKARG
@0x0000273: 0xEE BLD
@0x0000274: 0x81 LD 49
@0x0000276: 0xC0 MKARG
@0x0000277: 0xEE BLD
@0x0000278: 0x81 LD 52
@0x000027A: 0xB6 CALL
@0x00001EB: 0x18 PUSHAL
@0x00001EC: 0x81 LD 51
@0x00001EE: 0xC0 MKARG
@0x00001EF: 0xEE BLD
@0x00001F0: 0x11 PUSHS 2, '->'
@0x00001F4: 0xC0 MKARG
@0x00001F5: 0xEE BLD
@0x00001F6: 0x11 PUSHS 1, '"'
@0x00001F9: 0x81 LD 51
@0x00001FB: 0x58 Binary op
@0x00001FC: 0x11 PUSHS 1, '"'
@0x00001FF: 0x58 Binary op
@0x0000200: 0x14 PUSHTU
@0x0000201: 0x81 LD 49
@0x0000203: 0xEE BLD
@0x0000204: 0x5D Binary op
@0x0000205: 0xC0 MKARG
@0x0000206: 0xEE BLD
@0x0000207: 0x81 LD 27
@0x0000209: 0xB6 CALL
%3.3s -> "abc"
@0x000020A: 0x20 POP
@0x000020B: 0x00 PUSHN
@0x000020C: 0xB7 RET
@0x000027B: 0x20 POP
@0x000027C: 0x18 PUSHAL
@0x000027D: 0x11 PUSHS 5, '%3.5s'
@0x0000284: 0xC0 MKARG
@0x0000285: 0xEE BLD
@0x0000286: 0x81 LD 49
@0x0000288: 0xC0 MKARG
@0x0000289: 0xEE BLD
@0x000028A: 0x81 LD 52
@0x000028C: 0xB6 CALL
@0x00001EB: 0x18 PUSHAL
@0x00001EC: 0x81 LD 51
@0x00001EE: 0xC0 MKARG
@0x00001EF: 0xEE BLD
@0x00001F0: 0x11 PUSHS 2, '->'
@0x00001F4: 0xC0 MKARG
@0x00001F5: 0xEE BLD
@0x00001F6: 0x11 PUSHS 1, '"'
@0x00001F9: 0x81 LD 51
@0x00001FB: 0x58 Binary op
@0x00001FC: 0x11 PUSHS 1, '"'
@0x00001FF: 0x58 Binary op
@0x0000200: 0x14 PUSHTU
@0x0000201: 0x81 LD 49
@0x0000203: 0xEE BLD
@0x0000204: 0x5D Binary op
@0x0000205: 0xC0 MKARG
@0x0000206: 0xEE BLD
@0x0000207: 0x81 LD 27
@0x0000209: 0xB6 CALL
%3.5s -> "abcde"
@0x000020A: 0x20 POP
@0x000020B: 0x00 PUSHN
@0x000020C: 0xB7 RET
@0x000028D: 0x20 POP
@0x000028E: 0x18 PUSHAL
@0x000028F: 0x11 PUSHS 5, '%3.7s'
@0x0000296: 0xC0 MKARG
@0x0000297: 0xEE BLD
@0x0000298: 0x81 LD 49
@0x000029A: 0xC0 MKARG
@0x000029B: 0xEE BLD
@0x000029C: 0x81 LD 52
@0x000029E: 0xB6 CALL
@0x00001EB: 0x18 PUSHAL
@0x00001EC: 0x81 LD 51
@0x00001EE: 0xC0 MKARG
@0x00001EF: 0xEE BLD
@0x00001F0: 0x11 PUSHS 2, '->'
@0x00001F4: 0xC0 MKARG
@0x00001F5: 0xEE BLD
@0x00001F6: 0x11 PUSHS 1, '"'
@0x00001F9: 0x81 LD 51
@0x00001FB: 0x58 Binary op
@0x00001FC: 0x11 PUSHS 1, '"'
@0x00001FF: 0x58 Binary op
@0x0000200: 0x14 PUSHTU
@0x0000201: 0x81 LD 49
@0x0000203: 0xEE BLD
@0x0000204: 0x5D Binary op
@0x0000205: 0xC0 MKARG
@0x0000206: 0xEE BLD
@0x0000207: 0x81 LD 27
@0x0000209: 0xB6 CALL
%3.7s -> "abcde"
@0x000020A: 0x20 POP
@0x000020B: 0x00 PUSHN
@0x000020C: 0xB7 RET
@0x000029F: 0x20 POP
@0x00002A0: 0x18 PUSHAL
@0x00002A1: 0x11 PUSHS 5, '%7.3s'
@0x00002A8: 0xC0 MKARG
@0x00002A9: 0xEE BLD
@0x00002AA: 0x81 LD 49
@0x00002AC: 0xC0 MKARG
@0x00002AD: 0xEE BLD
@0x00002AE: 0x81 LD 52
@0x00002B0: 0xB6 CALL
@0x00001EB: 0x18 PUSHAL
@0x00001EC: 0x81 LD 51
@0x00001EE: 0xC0 MKARG
@0x00001EF: 0xEE BLD
@0x00001F0: 0x11 PUSHS 2, '->'
@0x00001F4: 0xC0 MKARG
@0x00001F5: 0xEE BLD
@0x00001F6: 0x11 PUSHS 1, '"'
@0x00001F9: 0x81 LD 51
@0x00001FB: 0x58 Binary op
@0x00001FC: 0x11 PUSHS 1, '"'
@0x00001FF: 0x58 Binary op
@0x0000200: 0x14 PUSHTU
@0x0000201: 0x81 LD 49
@0x0000203: 0xEE BLD
@0x0000204: 0x5D Binary op
@0x0000205: 0xC0 MKARG
@0x0000206: 0xEE BLD
@0x0000207: 0x81 LD 27
@0x0000209: 0xB6 CALL
%7.3s -> "    abc"
@0x000020A: 0x20 POP
@0x000020B: 0x00 PUSHN
@0x000020C: 0xB7 RET
@0x00002B1: 0x20 POP
@0x00002B2: 0x18 PUSHAL
@0x00002B3: 0x11 PUSHS 5, '%7.5s'
@0x00002BA: 0xC0 MKARG
@0x00002BB: 0xEE BLD
@0x00002BC: 0x81 LD 49
@0x00002BE: 0xC0 MKARG
@0x00002BF: 0xEE BLD
@0x00002C0: 0x81 LD 52
@0x00002C2: 0xB6 CALL
@0x00001EB: 0x18 PUSHAL
@0x00001EC: 0x81 LD 51
@0x00001EE: 0xC0 MKARG
@0x00001EF: 0xEE BLD
@0x00001F0: 0x11 PUSHS 2, '->'
@0x00001F4: 0xC0 MKARG
@0x00001F5: 0xEE BLD
@0x00001F6: 0x11 PUSHS 1, '"'
@0x00001F9: 0x81 LD 51
@0x00001FB: 0x58 Binary op
@0x00001FC: 0x11 PUSHS 1, '"'
@0x00001FF: 0x58 Binary op
@0x0000200: 0x14 PUSHTU
@0x0000201: 0x81 LD 49
@0x0000203: 0xEE BLD
@0x0000204: 0x5D Binary op
@0x0000205: 0xC0 MKARG
@0x0000206: 0xEE BLD
@0x0000207: 0x81 LD 27
@0x0000209: 0xB6 CALL
%7.5s -> "  abcde"
@0x000020A: 0x20 POP
@0x000020B: 0x00 PUSHN
@0x000020C: 0xB7 RET
@0x00002C3: 0x20 POP
@0x00002C4: 0x18 PUSHAL
@0x00002C5: 0x11 PUSHS 7, '%#-7.7s'
@0x00002CE: 0xC0 MKARG
@0x00002CF: 0xEE BLD
@0x00002D0: 0x81 LD 49
@0x00002D2: 0xC0 MKARG
@0x00002D3: 0xEE BLD
@0x00002D4: 0x81 LD 52
@0x00002D6: 0xB6 CALL
@0x00001EB: 0x18 PUSHAL
@0x00001EC: 0x81 LD 51
@0x00001EE: 0xC0 MKARG
@0x00001EF: 0xEE BLD
@0x00001F0: 0x11 PUSHS 2, '->'
@0x00001F4: 0xC0 MKARG
@0x00001F5: 0xEE BLD
@0x00001F6: 0x11 PUSHS 1, '"'
@0x00001F9: 0x81 LD 51
@0x00001FB: 0x58 Binary op
@0x00001FC: 0x11 PUSHS 1, '"'
@0x00001FF: 0x58 Binary op
@0x0000200: 0x14 PUSHTU
@0x0000201: 0x81 LD 49
@0x0000203: 0xEE BLD
@0x0000204: 0x5D Binary op
@0x0000205: 0xC0 MKARG
@0x0000206: 0xEE BLD
@0x0000207: 0x81 LD 27
@0x0000209: 0xB6 CALL
%#-7.7s -> "abcde  "
@0x000020A: 0x20 POP
@0x000020B: 0x00 PUSHN
@0x000020C: 0xB7 RET
@0x00002D7: 0x20 POP
@0x00002D8: 0x18 PUSHAL
@0x00002D9: 0x11 PUSHS 5, '%7.9s'
@0x00002E0: 0xC0 MKARG
@0x00002E1: 0xEE BLD
@0x00002E2: 0x81 LD 49
@0x00002E4: 0xC0 MKARG
@0x00002E5: 0xEE BLD
@0x00002E6: 0x81 LD 52
@0x00002E8: 0xB6 CALL
@0x00001EB: 0x18 PUSHAL
@0x00001EC: 0x81 LD 51
@0x00001EE: 0xC0 MKARG
@0x00001EF: 0xEE BLD
@0x00001F0: 0x11 PUSHS 2, '->'
@0x00001F4: 0xC0 MKARG
@0x00001F5: 0xEE BLD
@0x00001F6: 0x11 PUSHS 1, '"'
@0x00001F9: 0x81 LD 51
@0x00001FB: 0x58 Binary op
@0x00001FC: 0x11 PUSHS 1, '"'
@0x00001FF: 0x58 Binary op
@0x0000200: 0x14 PUSHTU
@0x0000201: 0x81 LD 49
@0x0000203: 0xEE BLD
@0x0000204: 0x5D Binary op
@0x0000205: 0xC0 MKARG
@0x0000206: 0xEE BLD
@0x0000207: 0x81 LD 27
@0x0000209: 0xB6 CALL
%7.9s -> "  abcde"
@0x000020A: 0x20 POP
@0x000020B: 0x00 PUSHN
@0x000020C: 0xB7 RET
@0x00002E9: 0x20 POP
@0x00002EA: 0x18 PUSHAL
@0x00002EB: 0x11 PUSHS 5, '%0.9s'
@0x00002F2: 0xC0 MKARG
@0x00002F3: 0xEE BLD
@0x00002F4: 0x81 LD 49
@0x00002F6: 0xC0 MKARG
@0x00002F7: 0xEE BLD
@0x00002F8: 0x81 LD 52
@0x00002FA: 0xB6 CALL
@0x00001EB: 0x18 PUSHAL
@0x00001EC: 0x81 LD 51
@0x00001EE: 0xC0 MKARG
@0x00001EF: 0xEE BLD
@0x00001F0: 0x11 PUSHS 2, '->'
@0x00001F4: 0xC0 MKARG
@0x00001F5: 0xEE BLD
@0x00001F6: 0x11 PUSHS 1, '"'
@0x00001F9: 0x81 LD 51
@0x00001FB: 0x58 Binary op
@0x00001FC: 0x11 PUSHS 1, '"'
@0x00001FF: 0x58 Binary op
@0x0000200: 0x14 PUSHTU
@0x0000201: 0x81 LD 49
@0x0000203: 0xEE BLD
@0x0000204: 0x5D Binary op
@0x0000205: 0xC0 MKARG
@0x0000206: 0xEE BLD
@0x0000207: 0x81 LD 27
@0x0000209: 0xB6 CALL
%0.9s -> "abcde"
@0x000020A: 0x20 POP
@0x000020B: 0x00 PUSHN
@0x000020C: 0xB7 RET
@0x00002FB: 0x20 POP
@0x00002FC: 0x18 PUSHAL
@0x00002FD: 0x11 PUSHS 5, '%9.0s'
@0x0000304: 0xC0 MKARG
@0x0000305: 0xEE BLD
@0x0000306: 0x81 LD 49
@0x0000308: 0xC0 MKARG
@0x0000309: 0xEE BLD
@0x000030A: 0x81 LD 52
@0x000030C: 0xB6 CALL
@0x00001EB: 0x18 PUSHAL
@0x00001EC: 0x81 LD 51
@0x00001EE: 0xC0 MKARG
@0x00001EF: 0xEE BLD
@0x00001F0: 0x11 PUSHS 2, '->'
@0x00001F4: 0xC0 MKARG
@0x00001F5: 0xEE BLD
@0x00001F6: 0x11 PUSHS 1, '"'
@0x00001F9: 0x81 LD 51
@0x00001FB: 0x58 Binary op
@0x00001FC: 0x11 PUSHS 1, '"'
@0x00001FF: 0x58 Binary op
@0x0000200: 0x14 PUSHTU
@0x0000201: 0x81 LD 49
@0x0000203: 0xEE BLD
@0x0000204: 0x5D Binary op
@0x0000205: 0xC0 MKARG
@0x0000206: 0xEE BLD
@0x0000207: 0x81 LD 27
@0x0000209: 0xB6 CALL
%9.0s -> "         "
@0x000020A: 0x20 POP
@0x000020B: 0x00 PUSHN
@0x000020C: 0xB7 RET
@0x000030D: 0x20 POP
@0x000030E: 0x18 PUSHAL
@0x000030F: 0x11 PUSHS 5, '%0.0s'
@0x0000316: 0xC0 MKARG
@0x0000317: 0xEE BLD
@0x0000318: 0x81 LD 49
@0x000031A: 0xC0 MKARG
@0x000031B: 0xEE BLD
@0x000031C: 0x81 LD 52
@0x000031E: 0xB6 CALL
@0x00001EB: 0x18 PUSHAL
@0x00001EC: 0x81 LD 51
@0x00001EE: 0xC0 MKARG
@0x00001EF: 0xEE BLD
@0x00001F0: 0x11 PUSHS 2, '->'
@0x00001F4: 0xC0 MKARG
@0x00001F5: 0xEE BLD
@0x00001F6: 0x11 PUSHS 1, '"'
@0x00001F9: 0x81 LD 51
@0x00001FB: 0x58 Binary op
@0x00001FC: 0x11 PUSHS 1, '"'
@0x00001FF: 0x58 Binary op
@0x0000200: 0x14 PUSHTU
@0x0000201: 0x81 LD 49
@0x0000203: 0xEE BLD
@0x0000204: 0x5D Binary op
@0x0000205: 0xC0 MKARG
@0x0000206: 0xEE BLD
@0x0000207: 0x81 LD 27
@0x0000209: 0xB6 CALL
%0.0s -> ""
@0x000020A: 0x20 POP
@0x000020B: 0x00 PUSHN
@0x000020C: 0xB7 RET
@0x000031F: 0x20 POP
@0x0000320: 0x18 PUSHAL
@0x0000321: 0x11 PUSHS 6, '%-7.3s'
@0x0000329: 0xC0 MKARG
@0x000032A: 0xEE BLD
@0x000032B: 0x81 LD 49
@0x000032D: 0xC0 MKARG
@0x000032E: 0xEE BLD
@0x000032F: 0x81 LD 52
@0x0000331: 0xB6 CALL
@0x00001EB: 0x18 PUSHAL
@0x00001EC: 0x81 LD 51
@0x00001EE: 0xC0 MKARG
@0x00001EF: 0xEE BLD
@0x00001F0: 0x11 PUSHS 2, '->'
@0x00001F4: 0xC0 MKARG
@0x00001F5: 0xEE BLD
@0x00001F6: 0x11 PUSHS 1, '"'
@0x00001F9: 0x81 LD 51
@0x00001FB: 0x58 Binary op
@0x00001FC: 0x11 PUSHS 1, '"'
@0x00001FF: 0x58 Binary op
@0x0000200: 0x14 PUSHTU
@0x0000201: 0x81 LD 49
@0x0000203: 0xEE BLD
@0x0000204: 0x5D Binary op
@0x0000205: 0xC0 MKARG
@0x0000206: 0xEE BLD
@0x0000207: 0x81 LD 27
@0x0000209: 0xB6 CALL
%-7.3s -> "abc    "
@0x000020A: 0x20 POP
@0x000020B: 0x00 PUSHN
@0x000020C: 0xB7 RET
@0x0000332: 0x20 POP
@0x0000333: 0x18 PUSHAL
@0x0000334: 0x11 PUSHS 6, '%07.3s'
@0x000033C: 0xC0 MKARG
@0x000033D: 0xEE BLD
@0x000033E: 0x81 LD 49
@0x0000340: 0xC0 MKARG
@0x0000341: 0xEE BLD
@0x0000342: 0x81 LD 52
@0x0000344: 0xB6 CALL
@0x00001EB: 0x18 PUSHAL
@0x00001EC: 0x81 LD 51
@0x00001EE: 0xC0 MKARG
@0x00001EF: 0xEE BLD
@0x00001F0: 0x11 PUSHS 2, '->'
@0x00001F4: 0xC0 MKARG
@0x00001F5: 0xEE BLD
@0x00001F6: 0x11 PUSHS 1, '"'
@0x00001F9: 0x81 LD 51
@0x00001FB: 0x58 Binary op
@0x00001FC: 0x11 PUSHS 1, '"'
@0x00001FF: 0x58 Binary op
@0x0000200: 0x14 PUSHTU
@0x0000201: 0x81 LD 49
@0x0000203: 0xEE BLD
@0x0000204: 0x5D Binary op
@0x0000205: 0xC0 MKARG
@0x0000206: 0xEE BLD
@0x0000207: 0x81 LD 27
@0x0000209: 0xB6 CALL
%07.3s -> "    abc"
@0x000020A: 0x20 POP
@0x000020B: 0x00 PUSHN
@0x000020C: 0xB7 RET
@0x0000345: 0x20 POP
@0x0000346: 0x18 PUSHAL
@0x0000347: 0x11 PUSHS 5, '%7.3s'
@0x000034E: 0xC0 MKARG
@0x000034F: 0xEE BLD
@0x0000350: 0x05 PUSHI 33
@0x0000352: 0xC0 MKARG
@0x0000353: 0xEE BLD
@0x0000354: 0x81 LD 52
@0x0000356: 0xB6 CALL
@0x00001EB: 0x18 PUSHAL
@0x00001EC: 0x81 LD 51
@0x00001EE: 0xC0 MKARG
@0x00001EF: 0xEE BLD
@0x00001F0: 0x11 PUSHS 2, '->'
@0x00001F4: 0xC0 MKARG
@0x00001F5: 0xEE BLD
@0x00001F6: 0x11 PUSHS 1, '"'
@0x00001F9: 0x81 LD 51
@0x00001FB: 0x58 Binary op
@0x00001FC: 0x11 PUSHS 1, '"'
@0x00001FF: 0x58 Binary op
@0x0000200: 0x14 PUSHTU
@0x0000201: 0x81 LD 49
@0x0000203: 0xEE BLD
@0x0000204: 0x5D Binary op
@0x0000205: 0xC0 MKARG
@0x0000206: 0xEE BLD
@0x0000207: 0x81 LD 27
@0x0000209: 0xB6 CALL
%7.3s -> "     33"
@0x000020A: 0x20 POP
@0x000020B: 0x00 PUSHN
@0x000020C: 0xB7 RET
@0x0000357: 0x20 POP
@0x0000358: 0x18 PUSHAL
@0x0000359: 0x11 PUSHS 2, '%s'
@0x000035D: 0xC0 MKARG
@0x000035E: 0xEE BLD
@0x000035F: 0x08 PUSHD 33.3333
@0x0000368: 0xC0 MKARG
@0x0000369: 0xEE BLD
@0x000036A: 0x81 LD 52
@0x000036C: 0xB6 CALL
@0x00001EB: 0x18 PUSHAL
@0x00001EC: 0x81 LD 51
@0x00001EE: 0xC0 MKARG
@0x00001EF: 0xEE BLD
@0x00001F0: 0x11 PUSHS 2, '->'
@0x00001F4: 0xC0 MKARG
@0x00001F5: 0xEE BLD
@0x00001F6: 0x11 PUSHS 1, '"'
@0x00001F9: 0x81 LD 51
@0x00001FB: 0x58 Binary op
@0x00001FC: 0x11 PUSHS 1, '"'
@0x00001FF: 0x58 Binary op
@0x0000200: 0x14 PUSHTU
@0x0000201: 0x81 LD 49
@0x0000203: 0xEE BLD
@0x0000204: 0x5D Binary op
@0x0000205: 0xC0 MKARG
@0x0000206: 0xEE BLD
@0x0000207: 0x81 LD 27
@0x0000209: 0xB6 CALL
%s -> "33.3333"
@0x000020A: 0x20 POP
@0x000020B: 0x00 PUSHN
@0x000020C: 0xB7 RET
@0x000036D: 0x20 POP
@0x000036E: 0x18 PUSHAL
@0x000036F: 0x11 PUSHS 5, '%7.3s'
@0x0000376: 0xC0 MKARG
@0x0000377: 0xEE BLD
@0x0000378: 0x08 PUSHD 33.3333
@0x0000381: 0xC0 MKARG
@0x0000382: 0xEE BLD
@0x0000383: 0x81 LD 52
@0x0000385: 0xB6 CALL
@0x00001EB: 0x18 PUSHAL
@0x00001EC: 0x81 LD 51
@0x00001EE: 0xC0 MKARG
@0x00001EF: 0xEE BLD
@0x00001F0: 0x11 PUSHS 2, '->'
@0x00001F4: 0xC0 MKARG
@0x00001F5: 0xEE BLD
@0x00001F6: 0x11 PUSHS 1, '"'
@0x00001F9: 0x81 LD 51
@0x00001FB: 0x58 Binary op
@0x00001FC: 0x11 PUSHS 1, '"'
@0x00001FF: 0x58 Binary op
@0x0000200: 0x14 PUSHTU
@0x0000201: 0x81 LD 49
@0x0000203: 0xEE BLD
@0x0000204: 0x5D Binary op
@0x0000205: 0xC0 MKARG
@0x0000206: 0xEE BLD
@0x0000207: 0x81 LD 27
@0x0000209: 0xB6 CALL
%7.3s -> "    33."
@0x000020A: 0x20 POP
@0x000020B: 0x00 PUSHN
@0x000020C: 0xB7 RET
@0x0000386: 0x20 POP
@0x0000387: 0x18 PUSHAL
@0x0000388: 0x11 PUSHS 5, '%7.3s'
@0x000038F: 0xC0 MKARG
@0x0000390: 0xEE BLD
@0x0000391: 0x05 PUSHI 51
@0x0000393: 0xC0 MKARG
@0x0000394: 0xEE BLD
@0x0000395: 0x81 LD 52
@0x0000397: 0xB6 CALL
@0x00001EB: 0x18 PUSHAL
@0x00001EC: 0x81 LD 51
@0x00001EE: 0xC0 MKARG
@0x00001EF: 0xEE BLD
@0x00001F0: 0x11 PUSHS 2, '->'
@0x00001F4: 0xC0 MKARG
@0x00001F5: 0xEE BLD
@0x00001F6: 0x11 PUSHS 1, '"'
@0x00001F9: 0x81 LD 51
@0x00001FB: 0x58 Binary op
@0x00001FC: 0x11 PUSHS 1, '"'
@0x00001FF: 0x58 Binary op
@0x0000200: 0x14 PUSHTU
@0x0000201: 0x81 LD 49
@0x0000203: 0xEE BLD
@0x0000204: 0x5D Binary op
@0x0000205: 0xC0 MKARG
@0x0000206: 0xEE BLD
@0x0000207: 0x81 LD 27
@0x0000209: 0xB6 CALL
%7.3s -> "     51"
@0x000020A: 0x20 POP
@0x000020B: 0x00 PUSHN
@0x000020C: 0xB7 RET
@0x0000398: 0x20 POP
@0x0000399: 0x18 PUSHAL
@0x000039A: 0x11 PUSHS 7, '"%7.7s"'
@0x00003A3: 0x14 PUSHTU
@0x00003A4: 0x11 PUSHS 2, '%X'
@0x00003A8: 0x14 PUSHTU
@0x00003A9: 0x05 PUSHI 33
@0x00003AB: 0xEE BLD
@0x00003AC: 0x5D Binary op
@0x00003AD: 0xEE BLD
@0x00003AE: 0x5D Binary op
@0x00003AF: 0xC0 MKARG
@0x00003B0: 0xEE BLD
@0x00003B1: 0x81 LD 27
@0x00003B3: 0xB6 CALL
"     21"
@0x00003B4: 0x20 POP
@0x00003B5: 0x18 PUSHAL
@0x00003B6: 0x11 PUSHS 7, '"%7.7s"'
@0x00003BF: 0x14 PUSHTU
@0x00003C0: 0x11 PUSHS 5, '%7.3f'
@0x00003C7: 0x14 PUSHTU
@0x00003C8: 0x08 PUSHD 33.3333
@0x00003D1: 0xEE BLD
@0x00003D2: 0x5D Binary op
@0x00003D3: 0xEE BLD
@0x00003D4: 0x5D Binary op
@0x00003D5: 0xC0 MKARG
@0x00003D6: 0xEE BLD
@0x00003D7: 0x81 LD 27
@0x00003D9: 0xB6 CALL
" 33.333"
@0x00003DA: 0x20 POP
@0x00003DB: 0xBC XMOD
@0x0000008: 0xFF END
---
Dump:
0x0000000: t=0x00(None) use=7
0x0000001: t=0x70(ns) count=2 root=0x0000004
0x0000002: t=0x70(ns) count=37 root=0x0000030
0x0000003: t=0x10(mod) use=38 code=0x0000000 ns=0x0000002 ld=1
0x0000004: t=0x7C(nsnode) sym=0 p=0x0000000 lr=0x00000EE val=0x0000003 clr=B gl=0 loc=1
0x0000005: t=0x09(tuple) use=1 count=1 head=0x0000007 tail=0x0000007
0x0000006: t=0x7C(nsnode) sym=1 p=0x000000D lr=0x0000000 val=0x0000005 clr=B gl=0 loc=1
0x0000007: t=0x62(elem) prev=0x0000000 next=0x0000000 val=0x0000008
0x0000008: t=0x08(str) use=1 count=0 head=0x0000000 tail=0x0000000
0x0000009: t=0x81(parms) count=1 head=0x000000B tail=0x000000B
0x000000A: t=0x80(parm) s=38
0x000000B: t=0x62(elem) prev=0x0000000 next=0x0000000 val=0x000000A
0x000000C: t=0x0F(func) use=1 s=2 mod=0x0000003 params=0x0000009
0x000000D: t=0x7C(nsnode) sym=2 p=0x0000018 lr=0x0000014 val=0x000000C clr=B gl=0 loc=1
0x000000E: t=0x81(parms) count=1 head=0x0000016 tail=0x0000016
0x000000F: t=0x81(parms) count=1 head=0x0000011 tail=0x0000011
0x0000010: t=0x80(parm) s=38
0x0000011: t=0x62(elem) prev=0x0000000 next=0x0000000 val=0x0000010
0x0000012: t=0x0F(func) use=1 s=3 mod=0x0000003 params=0x000000F
0x0000013: t=0x7C(nsnode) sym=3 p=0x000000D lr=0x0000000 val=0x0000012 clr=B gl=0 loc=1
0x0000014: t=0x7D(lrnode) l=0x0000006 r=0x0000013
0x0000015: t=0x80(parm) s=38
0x0000016: t=0x62(elem) prev=0x0000000 next=0x0000000 val=0x0000015
0x0000017: t=0x0F(func) use=1 s=4 mod=0x0000003 params=0x000000E
0x0000018: t=0x7C(nsnode) sym=4 p=0x0000030 lr=0x000001F val=0x0000017 clr=B gl=0 loc=1
0x0000019: t=0x81(parms) count=1 head=0x0000021 tail=0x0000021
0x000001A: t=0x81(parms) count=1 head=0x000001C tail=0x000001C
0x000001B: t=0x80(parm) s=38
0x000001C: t=0x62(elem) prev=0x0000000 next=0x0000000 val=0x000001B
0x000001D: t=0x0F(func) use=1 s=5 mod=0x0000003 params=0x000001A
0x000001E: t=0x7C(nsnode) sym=5 p=0x0000023 lr=0x0000000 val=0x000001D clr=B gl=0 loc=1
0x000001F: t=0x7D(lrnode) l=0x000000D r=0x0000023
0x0000020: t=0x80(parm) s=38
0x0000021: t=0x62(elem) prev=0x0000000 next=0x0000000 val=0x0000020
0x0000022: t=0x0F(func) use=1 s=6 mod=0x0000003 params=0x0000019
0x0000023: t=0x7C(nsnode) sym=6 p=0x0000018 lr=0x000002A val=0x0000022 clr=B gl=0 loc=1
0x0000024: t=0x81(parms) count=2 head=0x000002C tail=0x000002E
0x0000025: t=0x81(parms) count=1 head=0x0000027 tail=0x0000027
0x0000026: t=0x80(parm) s=38
0x0000027: t=0x62(elem) prev=0x0000000 next=0x0000000 val=0x0000026
0x0000028: t=0x0F(func) use=1 s=7 mod=0x0000003 params=0x0000025
0x0000029: t=0x7C(nsnode) sym=7 p=0x0000023 lr=0x0000000 val=0x0000028 clr=B gl=0 loc=1
0x000002A: t=0x7D(lrnode) l=0x000001E r=0x0000029
0x000002B: t=0x80(parm) s=39
0x000002C: t=0x62(elem) prev=0x0000000 next=0x000002E val=0x000002B
0x000002D: t=0x80(parm) s=38
0x000002E: t=0x62(elem) prev=0x000002C next=0x0000000 val=0x000002D
0x000002F: t=0x0F(func) use=1 s=8 mod=0x0000003 params=0x0000024
0x0000030: t=0x7C(nsnode) sym=8 p=0x0000000 lr=0x0000037 val=0x000002F clr=B gl=0 loc=1
0x0000031: t=0x81(parms) count=1 head=0x000003A tail=0x000003A
0x0000032: t=0x81(parms) count=1 head=0x0000034 tail=0x0000034
0x0000033: t=0x80(parm) s=38
0x0000034: t=0x62(elem) prev=0x0000000 next=0x0000000 val=0x0000033
0x0000035: t=0x0F(func) use=1 s=9 mod=0x0000003 params=0x0000032
0x0000036: t=0x7C(nsnode) sym=9 p=0x000003C lr=0x0000000 val=0x0000035 clr=B gl=0 loc=1
0x0000037: t=0x7D(lrnode) l=0x0000018 r=0x000005E
0x0000038: t=0x80(parm) s=38 dflt=0x0000039
0x0000039: t=0x02(bool) use=1 value=False
0x000003A: t=0x62(elem) prev=0x0000000 next=0x0000000 val=0x0000038
0x000003B: t=0x0F(func) use=1 s=10 mod=0x0000003 params=0x0000031
0x000003C: t=0x7C(nsnode) sym=10 p=0x0000047 lr=0x0000043 val=0x000003B clr=B gl=0 loc=1
0x000003D: t=0x81(parms) count=1 head=0x0000045 tail=0x0000045
0x000003E: t=0x81(parms) count=1 head=0x0000040 tail=0x0000040
0x000003F: t=0x80(parm) s=38
0x0000040: t=0x62(elem) prev=0x0000000 next=0x0000000 val=0x000003F
0x0000041: t=0x0F(func) use=1 s=11 mod=0x0000003 params=0x000003E
0x0000042: t=0x7C(nsnode) sym=11 p=0x000003C lr=0x0000000 val=0x0000041 clr=B gl=0 loc=1
0x0000043: t=0x7D(lrnode) l=0x0000036 r=0x0000042
0x0000044: t=0x80(parm) s=38
0x0000045: t=0x62(elem) prev=0x0000000 next=0x0000000 val=0x0000044
0x0000046: t=0x0F(func) use=1 s=12 mod=0x0000003 params=0x000003D
0x0000047: t=0x7C(nsnode) sym=12 p=0x000005E lr=0x000004E val=0x0000046 clr=B gl=0 loc=1
0x0000048: t=0x81(parms) count=1 head=0x0000050 tail=0x0000050
0x0000049: t=0x81(parms) count=1 head=0x000004B tail=0x000004B
0x000004A: t=0x80(parm) s=38
0x000004B: t=0x62(elem) prev=0x0000000 next=0x0000000 val=0x000004A
0x000004C: t=0x0F(func) use=1 s=13 mod=0x0000003 params=0x0000049
0x000004D: t=0x7C(nsnode) sym=13 p=0x0000052 lr=0x0000000 val=0x000004C clr=B gl=0 loc=1
0x000004E: t=0x7D(lrnode) l=0x000003C r=0x0000052
0x000004F: t=0x80(parm) s=40 dflt=0x0000000
0x0000050: t=0x62(elem) prev=0x0000000 next=0x0000000 val=0x000004F
0x0000051: t=0x0F(func) use=1 s=14 mod=0x0000003 params=0x0000048
0x0000052: t=0x7C(nsnode) sym=14 p=0x0000047 lr=0x0000059 val=0x0000051 clr=B gl=0 loc=1
0x0000053: t=0x81(parms) count=1 head=0x000005C tail=0x000005C
0x0000054: t=0x81(parms) count=1 head=0x0000056 tail=0x0000056
0x0000055: t=0x80(parm) s=38
0x0000056: t=0x62(elem) prev=0x0000000 next=0x0000000 val=0x0000055
0x0000057: t=0x0F(func) use=1 s=15 mod=0x0000003 params=0x0000054
0x0000058: t=0x7C(nsnode) sym=15 p=0x0000052 lr=0x0000000 val=0x0000057 clr=B gl=0 loc=1
0x0000059: t=0x7D(lrnode) l=0x000004D r=0x0000058
0x000005A: t=0x80(parm) s=38 dflt=0x000005B
0x000005B: t=0x04(float) use=1 value=0
0x000005C: t=0x62(elem) prev=0x0000000 next=0x0000000 val=0x000005A
0x000005D: t=0x0F(func) use=1 s=16 mod=0x0000003 params=0x0000053
0x000005E: t=0x7C(nsnode) sym=16 p=0x0000030 lr=0x0000065 val=0x000005D clr=R gl=0 loc=1
0x000005F: t=0x81(parms) count=2 head=0x0000067 tail=0x0000069
0x0000060: t=0x81(parms) count=1 head=0x0000062 tail=0x0000062
0x0000061: t=0x80(parm) s=38
0x0000062: t=0x62(elem) prev=0x0000000 next=0x0000000 val=0x0000061
0x0000063: t=0x0F(func) use=1 s=17 mod=0x0000003 params=0x0000060
0x0000064: t=0x7C(nsnode) sym=17 p=0x000006B lr=0x0000000 val=0x0000063 clr=B gl=0 loc=1
0x0000065: t=0x7D(lrnode) l=0x0000047 r=0x0000094
0x0000066: t=0x80(parm) s=38
0x0000067: t=0x62(elem) prev=0x0000000 next=0x0000069 val=0x0000066
0x0000068: t=0x80(parm) s=39
0x0000069: t=0x62(elem) prev=0x0000067 next=0x0000000 val=0x0000068
0x000006A: t=0x0F(func) use=1 s=18 mod=0x0000003 params=0x000005F
0x000006B: t=0x7C(nsnode) sym=18 p=0x000007C lr=0x0000078 val=0x000006A clr=B gl=0 loc=1
0x000006C: t=0x81(parms) count=1 head=0x000007A tail=0x000007A
0x000006D: t=0x81(parms) count=3 head=0x0000070 tail=0x0000075
0x000006E: t=0x80(parm) s=38 dflt=0x000006F
0x000006F: t=0x03(int) use=1 value=0
0x0000070: t=0x62(elem) prev=0x0000000 next=0x0000072 val=0x000006E
0x0000071: t=0x80(parm) s=41 dflt=0x0000000
0x0000072: t=0x62(elem) prev=0x0000070 next=0x0000075 val=0x0000071
0x0000073: t=0x80(parm) s=42 dflt=0x0000074
0x0000074: t=0x02(bool) use=1 value=True
0x0000075: t=0x62(elem) prev=0x0000072 next=0x0000000 val=0x0000073
0x0000076: t=0x0F(func) use=1 s=19 mod=0x0000003 params=0x000006D
0x0000077: t=0x7C(nsnode) sym=19 p=0x000006B lr=0x0000000 val=0x0000076 clr=B gl=0 loc=1
0x0000078: t=0x7D(lrnode) l=0x0000064 r=0x0000077
0x0000079: t=0x80(parm) s=43
0x000007A: t=0x62(elem) prev=0x0000000 next=0x0000000 val=0x0000079
0x000007B: t=0x0F(func) use=1 s=20 mod=0x0000003 params=0x000006C
0x000007C: t=0x7C(nsnode) sym=20 p=0x0000094 lr=0x0000083 val=0x000007B clr=R gl=0 loc=1
0x000007D: t=0x81(parms) count=1 head=0x0000085 tail=0x0000085
0x000007E: t=0x81(parms) count=1 head=0x0000080 tail=0x0000080
0x000007F: t=0x80(parm) s=44
0x0000080: t=0x62(elem) prev=0x0000000 next=0x0000000 val=0x000007F
0x0000081: t=0x0F(func) use=1 s=21 mod=0x0000003 params=0x000007E
0x0000082: t=0x7C(nsnode) sym=21 p=0x0000087 lr=0x0000000 val=0x0000081 clr=B gl=0 loc=1
0x0000083: t=0x7D(lrnode) l=0x000006B r=0x0000087
0x0000084: t=0x80(parm) s=44
0x0000085: t=0x62(elem) prev=0x0000000 next=0x0000000 val=0x0000084
0x0000086: t=0x0F(func) use=1 s=22 mod=0x0000003 params=0x000007D
0x0000087: t=0x7C(nsnode) sym=22 p=0x000007C lr=0x000008E val=0x0000086 clr=B gl=0 loc=1
0x0000088: t=0x81(parms) count=2 head=0x0000090 tail=0x0000092
0x0000089: t=0x81(parms) count=1 head=0x000008B tail=0x000008B
0x000008A: t=0x80(parm) s=43 dflt=0x0000000
0x000008B: t=0x62(elem) prev=0x0000000 next=0x0000000 val=0x000008A
0x000008C: t=0x0F(func) use=1 s=23 mod=0x0000003 params=0x0000089
0x000008D: t=0x7C(nsnode) sym=23 p=0x0000087 lr=0x0000000 val=0x000008C clr=B gl=0 loc=1
0x000008E: t=0x7D(lrnode) l=0x0000082 r=0x000008D
0x000008F: t=0x80(parm) s=38
0x0000090: t=0x62(elem) prev=0x0000000 next=0x0000092 val=0x000008F
0x0000091: t=0x80(parm) s=41 dflt=0x0000000
0x0000092: t=0x62(elem) prev=0x0000090 next=0x0000000 val=0x0000091
0x0000093: t=0x0F(func) use=1 s=24 mod=0x0000003 params=0x0000088
0x0000094: t=0x7C(nsnode) sym=24 p=0x000005E lr=0x000009B val=0x0000093 clr=B gl=0 loc=1
0x0000095: t=0x81(parms) count=2 head=0x000009D tail=0x000009F
0x0000096: t=0x81(parms) count=1 head=0x0000098 tail=0x0000098
0x0000097: t=0x80(parm) s=38
0x0000098: t=0x62(elem) prev=0x0000000 next=0x0000000 val=0x0000097
0x0000099: t=0x0F(func) use=1 s=25 mod=0x0000003 params=0x0000096
0x000009A: t=0x7C(nsnode) sym=25 p=0x00000A1 lr=0x0000000 val=0x0000099 clr=B gl=0 loc=1
0x000009B: t=0x7D(lrnode) l=0x000007C r=0x00000B6
0x000009C: t=0x80(parm) s=45
0x000009D: t=0x62(elem) prev=0x0000000 next=0x000009F val=0x000009C
0x000009E: t=0x80(parm) s=46 dflt=0x0000000
0x000009F: t=0x62(elem) prev=0x000009D next=0x0000000 val=0x000009E
0x00000A0: t=0x0F(func) use=1 s=26 mod=0x0000003 params=0x0000095
0x00000A1: t=0x7C(nsnode) sym=26 p=0x00000B6 lr=0x00000B2 val=0x00000A0 clr=B gl=0 loc=1
0x00000A2: t=0x81(parms) count=1 head=0x00000B4 tail=0x00000B4
0x00000A3: t=0x81(parms) count=3 head=0x00000A5 tail=0x00000AF
0x00000A4: t=0x80(parm) s=47 tgrp
0x00000A5: t=0x62(elem) prev=0x0000000 next=0x00000AA val=0x00000A4
0x00000A6: t=0x80(parm) s=48 dflt=0x00000A7
0x00000A7: t=0x08(str) use=1 count=1 head=0x00000A9 tail=0x00000A9
0x00000A8: t=0x64(strfrag) c=1 s=' '
0x00000A9: t=0x62(elem) prev=0x0000000 next=0x0000000 val=0x00000A8
0x00000AA: t=0x62(elem) prev=0x00000A5 next=0x00000AF val=0x00000A6
0x00000AB: t=0x80(parm) s=46 dflt=0x00000AC
0x00000AC: t=0x08(str) use=1 count=1 head=0x00000AE tail=0x00000AE
0x00000AD: t=0x64(strfrag) c=1 s='\x0a'
0x00000AE: t=0x62(elem) prev=0x0000000 next=0x0000000 val=0x00000AD
0x00000AF: t=0x62(elem) prev=0x00000AA next=0x0000000 val=0x00000AB
0x00000B0: t=0x0F(func) use=1 s=27 mod=0x0000003 params=0x00000A3
0x00000B1: t=0x7C(nsnode) sym=27 p=0x00000A1 lr=0x0000000 val=0x00000B0 clr=B gl=0 loc=1
0x00000B2: t=0x7D(lrnode) l=0x000009A r=0x00000B1
0x00000B3: t=0x80(parm) s=38
0x00000B4: t=0x62(elem) prev=0x0000000 next=0x0000000 val=0x00000B3
0x00000B5: t=0x0F(func) use=1 s=28 mod=0x0000003 params=0x00000A2
0x00000B6: t=0x7C(nsnode) sym=28 p=0x0000094 lr=0x00000BD val=0x00000B5 clr=R gl=0 loc=1
0x00000B7: t=0x81(parms) count=1 head=0x00000BF tail=0x00000BF
0x00000B8: t=0x81(parms) count=1 head=0x00000BA tail=0x00000BA
0x00000B9: t=0x80(parm) s=38
0x00000BA: t=0x62(elem) prev=0x0000000 next=0x0000000 val=0x00000B9
0x00000BB: t=0x0F(func) use=1 s=29 mod=0x0000003 params=0x00000B8
0x00000BC: t=0x7C(nsnode) sym=29 p=0x00000C1 lr=0x0000000 val=0x00000BB clr=B gl=0 loc=1
0x00000BD: t=0x7D(lrnode) l=0x00000A1 r=0x00000CC
0x00000BE: t=0x80(parm) s=38
0x00000BF: t=0x62(elem) prev=0x0000000 next=0x0000000 val=0x00000BE
0x00000C0: t=0x0F(func) use=1 s=30 mod=0x0000003 params=0x00000B7
0x00000C1: t=0x7C(nsnode) sym=30 p=0x00000CC lr=0x00000C8 val=0x00000C0 clr=R gl=0 loc=1
0x00000C2: t=0x81(parms) count=1 head=0x00000CA tail=0x00000CA
0x00000C3: t=0x81(parms) count=1 head=0x00000C5 tail=0x00000C5
0x00000C4: t=0x80(parm) s=38
0x00000C5: t=0x62(elem) prev=0x0000000 next=0x0000000 val=0x00000C4
0x00000C6: t=0x0F(func) use=1 s=31 mod=0x0000003 params=0x00000C3
0x00000C7: t=0x7C(nsnode) sym=31 p=0x00000C1 lr=0x0000000 val=0x00000C6 clr=B gl=0 loc=1
0x00000C8: t=0x7D(lrnode) l=0x00000BC r=0x00000C7
0x00000C9: t=0x80(parm) s=49
0x00000CA: t=0x62(elem) prev=0x0000000 next=0x0000000 val=0x00000C9
0x00000CB: t=0x0F(func) use=1 s=32 mod=0x0000003 params=0x00000C2
0x00000CC: t=0x7C(nsnode) sym=32 p=0x00000B6 lr=0x00000D4 val=0x00000CB clr=B gl=0 loc=1
0x00000CD: t=0x81(parms) count=1 head=0x00000D6 tail=0x00000D6
0x00000CE: t=0x81(parms) count=1 head=0x00000D1 tail=0x00000D1
0x00000CF: t=0x80(parm) s=38 dflt=0x00000D0
0x00000D0: t=0x08(str) use=1 count=0 head=0x0000000 tail=0x0000000
0x00000D1: t=0x62(elem) prev=0x0000000 next=0x0000000 val=0x00000CF
0x00000D2: t=0x0F(func) use=1 s=33 mod=0x0000003 params=0x00000CE
0x00000D3: t=0x7C(nsnode) sym=33 p=0x00000D8 lr=0x0000000 val=0x00000D2 clr=B gl=0 loc=1
0x00000D4: t=0x7D(lrnode) l=0x00000C1 r=0x00000D8
0x00000D5: t=0x80(parm) s=38
0x00000D6: t=0x62(elem) prev=0x0000000 next=0x0000000 val=0x00000D5
0x00000D7: t=0x0F(func) use=1 s=34 mod=0x0000003 params=0x00000CD
0x00000D8: t=0x7C(nsnode) sym=34 p=0x00000CC lr=0x00000DF val=0x00000D7 clr=R gl=0 loc=1
0x00000D9: t=0x81(parms) count=1 head=0x00000E1 tail=0x00000E1
0x00000DA: t=0x81(parms) count=1 head=0x00000DC tail=0x00000DC
0x00000DB: t=0x80(parm) s=38
0x00000DC: t=0x62(elem) prev=0x0000000 next=0x0000000 val=0x00000DB
0x00000DD: t=0x0F(func) use=1 s=35 mod=0x0000003 params=0x00000DA
0x00000DE: t=0x7C(nsnode) sym=35 p=0x00000E3 lr=0x0000000 val=0x00000DD clr=R gl=0 loc=1
0x00000DF: t=0x7D(lrnode) l=0x00000D3 r=0x00000E3
0x00000E0: t=0x80(parm) s=43 dflt=0x0000000
0x00000E1: t=0x62(elem) prev=0x0000000 next=0x0000000 val=0x00000E0
0x00000E2: t=0x0F(func) use=1 s=36 mod=0x0000003 params=0x00000D9
0x00000E3: t=0x7C(nsnode) sym=36 p=0x00000D8 lr=0x00000EA val=0x00000E2 clr=B gl=0 loc=1
0x00000E4: t=0x70(ns) count=3 root=0x0000103
0x00000E5: t=0x81(parms) count=1 head=0x00000E7 tail=0x00000E7
0x00000E6: t=0x80(parm) s=44
0x00000E7: t=0x62(elem) prev=0x0000000 next=0x0000000 val=0x00000E6
0x00000E8: t=0x0F(func) use=1 s=37 mod=0x0000003 params=0x00000E5
0x00000E9: t=0x7C(nsnode) sym=37 p=0x00000E3 lr=0x0000000 val=0x00000E8 clr=R gl=0 loc=1
0x00000EA: t=0x7D(lrnode) l=0x00000DE r=0x00000E9
0x00000EB: t=0x7C(nsnode) sym=0 p=0x0000103 lr=0x0000000 val=0x0000003 clr=R gl=0 loc=1
0x00000EC: t=0x10(mod) use=2 code=0x0000009 ns=0x00000E4 ld=1
0x00000ED: t=0x7C(nsnode) sym=50 p=0x0000004 lr=0x0000000 val=0x00000EC clr=R gl=0 loc=1
0x00000EE: t=0x7D(lrnode) l=0x0000000 r=0x00000ED
0x00000EF...0x00000F0: t=0xFF(free)
0x00000F1: t=0x62(elem) prev=0x0000000 next=0x0000000 val=0x00000F4
0x00000F2: t=0xFF(free)
0x00000F3: t=0x08(str) use=1 count=5 head=0x00000F1 tail=0x00000F1
0x00000F4: t=0x64(strfrag) c=5 s='abcde'
0x00000F5: t=0x7D(lrnode) l=0x00000EB r=0x000010D
0x00000F6...0x00000F8: t=0xFF(free)
0x00000F9: t=0x81(parms) count=2 head=0x000010C tail=0x0000110
0x00000FA...0x0000102: t=0xFF(free)
0x0000103: t=0x7C(nsnode) sym=49 p=0x0000000 lr=0x00000F5 val=0x00000F3 clr=B gl=0 loc=1
0x0000104...0x000010B: t=0xFF(free)
0x000010C: t=0x62(elem) prev=0x0000000 next=0x0000110 val=0x0000112
0x000010D: t=0x7C(nsnode) sym=52 p=0x0000103 lr=0x0000000 val=0x000010E clr=R gl=0 loc=1
0x000010E: t=0x0F(func) use=1 code=0x00001EB mod=0x00000EC params=0x00000F9
0x000010F: t=0x80(parm) s=49
0x0000110: t=0x62(elem) prev=0x000010C next=0x0000000 val=0x000010F
0x0000111: t=0xFF(free)
0x0000112: t=0x80(parm) s=51
0x0000113...0x00007FF: t=0xFF(free)
---
Program counter: 0x0000009
Free count: 1797; next free entry: 0x00000F0
Free count low water mark: 1763
Stack: empty
Modules: 0x0000001
Current module: 0x0000003
System namespace: 0x0000002
Current global namespace: 0x0000002
Current local namespace: 0x0000002
---
Executed 851 instructions
Run error 0x01: Complete
Program counter: 0x0000009; format.asp:1:26
