Executing instructions indefinitely...
@0x0000000: 0xB9 ADDMOD 46, @0x0000009
@0x0000006: 0xBD LDMOD 46
@0x0000009: 0xB3 JMP @0x000004F
@0x000004F: 0x19 PUSHPL
@0x0000050: 0xC5 MKPAR 47
@0x0000052: 0xEC BLD
@0x0000053: 0x05 PUSHI 9
@0x0000055: 0xC9 MKDPAR 48
@0x0000057: 0xEC BLD
@0x0000058: 0xCD MKGPAR 1
@0x000005A: 0xEC BLD
@0x000005B: 0x05 PUSHI 99
@0x000005D: 0xC9 MKDPAR 49
@0x000005F: 0xEC BLD
@0x0000060: 0x1C PUSHCA @0x000000E
@0x0000065: 0xD0 MKFUN @0x000000E
@0x0000066: 0x85 LDA 50
@0x0000068: 0x89 SETP
@0x0000069: 0x14 PUSHTU
@0x000006A: 0x05 PUSHI 1
@0x000006C: 0xEC BLD
@0x000006D: 0x05 PUSHI 2
@0x000006F: 0xEC BLD
@0x0000070: 0x05 PUSHI 3
@0x0000072: 0xEC BLD
@0x0000073: 0x85 LDA 51
@0x0000075: 0x89 SETP
@0x0000076: 0x18 PUSHAL
@0x0000077: 0x11 PUSHS 5, '1 ---'
@0x000007E: 0xC0 MKARG
@0x000007F: 0xEC BLD
@0x0000080: 0x81 LD 25
@0x0000082: 0xB6 CALL
1 ---
@0x0000083: 0x20 POP
@0x0000084: 0x18 PUSHAL
@0x0000085: 0x81 LD 51
@0x0000087: 0xC4 MKGARG
@0x0000088: 0xEC BLD
@0x0000089: 0x14 PUSHTU
@0x000008A: 0x05 PUSHI 10
@0x000008C: 0xEC BLD
@0x000008D: 0x05 PUSHI 11
@0x000008F: 0xEC BLD
@0x0000090: 0xC4 MKGARG
@0x0000091: 0xEC BLD
@0x0000092: 0x05 PUSHI 89
@0x0000094: 0xC0 MKARG
@0x0000095: 0xEC BLD
@0x0000096: 0x81 LD 50
@0x0000098: 0xB6 CALL
@0x000000E: 0x18 PUSHAL
@0x000000F: 0x11 PUSHS 3, 'a ='
@0x0000014: 0xC0 MKARG
@0x0000015: 0xEC BLD
@0x0000016: 0x81 LD 47
@0x0000018: 0xC0 MKARG
@0x0000019: 0xEC BLD
@0x000001A: 0x11 PUSHS 3, 'b ='
@0x000001F: 0xC0 MKARG
@0x0000020: 0xEC BLD
@0x0000021: 0x81 LD 48
@0x0000023: 0xC0 MKARG
@0x0000024: 0xEC BLD
@0x0000025: 0x81 LD 25
@0x0000027: 0xB6 CALL
a = 1 b = 2
@0x0000028: 0x20 POP
@0x0000029: 0x18 PUSHAL
@0x000002A: 0x11 PUSHS 7, 'Extras:'
@0x0000033: 0xC0 MKARG
@0x0000034: 0xEC BLD
@0x0000035: 0x81 LD 1
@0x0000037: 0xC4 MKGARG
@0x0000038: 0xEC BLD
@0x0000039: 0x81 LD 25
@0x000003B: 0xB6 CALL
Extras: 3 10 11 89
@0x000003C: 0x20 POP
@0x000003D: 0x18 PUSHAL
@0x000003E: 0x11 PUSHS 3, 'z ='
@0x0000043: 0xC0 MKARG
@0x0000044: 0xEC BLD
@0x0000045: 0x81 LD 49
@0x0000047: 0xC0 MKARG
@0x0000048: 0xEC BLD
@0x0000049: 0x81 LD 25
@0x000004B: 0xB6 CALL
z = 99
@0x000004C: 0x20 POP
@0x000004D: 0x00 PUSHN
@0x000004E: 0xB7 RET
@0x0000099: 0x20 POP
@0x000009A: 0x18 PUSHAL
@0x000009B: 0x11 PUSHS 5, '2 ---'
@0x00000A2: 0xC0 MKARG
@0x00000A3: 0xEC BLD
@0x00000A4: 0x81 LD 25
@0x00000A6: 0xB6 CALL
2 ---
@0x00000A7: 0x20 POP
@0x00000A8: 0x18 PUSHAL
@0x00000A9: 0x05 PUSHI 2
@0x00000AB: 0xC0 MKARG
@0x00000AC: 0xEC BLD
@0x00000AD: 0x05 PUSHI 42
@0x00000AF: 0xC1 MKNARG 49
@0x00000B1: 0xEC BLD
@0x00000B2: 0x81 LD 50
@0x00000B4: 0xB6 CALL
@0x000000E: 0x18 PUSHAL
@0x000000F: 0x11 PUSHS 3, 'a ='
@0x0000014: 0xC0 MKARG
@0x0000015: 0xEC BLD
@0x0000016: 0x81 LD 47
@0x0000018: 0xC0 MKARG
@0x0000019: 0xEC BLD
@0x000001A: 0x11 PUSHS 3, 'b ='
@0x000001F: 0xC0 MKARG
@0x0000020: 0xEC BLD
@0x0000021: 0x81 LD 48
@0x0000023: 0xC0 MKARG
@0x0000024: 0xEC BLD
@0x0000025: 0x81 LD 25
@0x0000027: 0xB6 CALL
a = 2 b = 9
@0x0000028: 0x20 POP
@0x0000029: 0x18 PUSHAL
@0x000002A: 0x11 PUSHS 7, 'Extras:'
@0x0000033: 0xC0 MKARG
@0x0000034: 0xEC BLD
@0x0000035: 0x81 LD 1
@0x0000037: 0xC4 MKGARG
@0x0000038: 0xEC BLD
@0x0000039: 0x81 LD 25
@0x000003B: 0xB6 CALL
Extras:
@0x000003C: 0x20 POP
@0x000003D: 0x18 PUSHAL
@0x000003E: 0x11 PUSHS 3, 'z ='
@0x0000043: 0xC0 MKARG
@0x0000044: 0xEC BLD
@0x0000045: 0x81 LD 49
@0x0000047: 0xC0 MKARG
@0x0000048: 0xEC BLD
@0x0000049: 0x81 LD 25
@0x000004B: 0xB6 CALL
z = 42
@0x000004C: 0x20 POP
@0x000004D: 0x00 PUSHN
@0x000004E: 0xB7 RET
@0x00000B5: 0x20 POP
@0x00000B6: 0x18 PUSHAL
@0x00000B7: 0x11 PUSHS 5, '3 ---'
@0x00000BE: 0xC0 MKARG
@0x00000BF: 0xEC BLD
@0x00000C0: 0x81 LD 25
@0x00000C2: 0xB6 CALL
3 ---
@0x00000C3: 0x20 POP
@0x00000C4: 0x18 PUSHAL
@0x00000C5: 0x05 PUSHI 2
@0x00000C7: 0xC0 MKARG
@0x00000C8: 0xEC BLD
@0x00000C9: 0x05 PUSHI 3
@0x00000CB: 0xC0 MKARG
@0x00000CC: 0xEC BLD
@0x00000CD: 0x05 PUSHI 4
@0x00000CF: 0xC0 MKARG
@0x00000D0: 0xEC BLD
@0x00000D1: 0x05 PUSHI 5
@0x00000D3: 0xC0 MKARG
@0x00000D4: 0xEC BLD
@0x00000D5: 0x81 LD 50
@0x00000D7: 0xB6 CALL
@0x000000E: 0x18 PUSHAL
@0x000000F: 0x11 PUSHS 3, 'a ='
@0x0000014: 0xC0 MKARG
@0x0000015: 0xEC BLD
@0x0000016: 0x81 LD 47
@0x0000018: 0xC0 MKARG
@0x0000019: 0xEC BLD
@0x000001A: 0x11 PUSHS 3, 'b ='
@0x000001F: 0xC0 MKARG
@0x0000020: 0xEC BLD
@0x0000021: 0x81 LD 48
@0x0000023: 0xC0 MKARG
@0x0000024: 0xEC BLD
@0x0000025: 0x81 LD 25
@0x0000027: 0xB6 CALL
a = 2 b = 3
@0x0000028: 0x20 POP
@0x0000029: 0x18 PUSHAL
@0x000002A: 0x11 PUSHS 7, 'Extras:'
@0x0000033: 0xC0 MKARG
@0x0000034: 0xEC BLD
@0x0000035: 0x81 LD 1
@0x0000037: 0xC4 MKGARG
@0x0000038: 0xEC BLD
@0x0000039: 0x81 LD 25
@0x000003B: 0xB6 CALL
Extras: 4 5
@0x000003C: 0x20 POP
@0x000003D: 0x18 PUSHAL
@0x000003E: 0x11 PUSHS 3, 'z ='
@0x0000043: 0xC0 MKARG
@0x0000044: 0xEC BLD
@0x0000045: 0x81 LD 49
@0x0000047: 0xC0 MKARG
@0x0000048: 0xEC BLD
@0x0000049: 0x81 LD 25
@0x000004B: 0xB6 CALL
z = 99
@0x000004C: 0x20 POP
@0x000004D: 0x00 PUSHN
@0x000004E: 0xB7 RET
@0x00000D8: 0x20 POP
@0x00000D9: 0x18 PUSHAL
@0x00000DA: 0x11 PUSHS 5, '4 ---'
@0x00000E1: 0xC0 MKARG
@0x00000E2: 0xEC BLD
@0x00000E3: 0x81 LD 25
@0x00000E5: 0xB6 CALL
4 ---
@0x00000E6: 0x20 POP
@0x00000E7: 0x18 PUSHAL
@0x00000E8: 0x81 LD 51
@0x00000EA: 0xC4 MKGARG
@0x00000EB: 0xEC BLD
@0x00000EC: 0x14 PUSHTU
@0x00000ED: 0x05 PUSHI 10
@0x00000EF: 0xEC BLD
@0x00000F0: 0x05 PUSHI 11
@0x00000F2: 0xEC BLD
@0x00000F3: 0xC4 MKGARG
@0x00000F4: 0xEC BLD
@0x00000F5: 0x81 LD 51
@0x00000F7: 0xC4 MKGARG
@0x00000F8: 0xEC BLD
@0x00000F9: 0x81 LD 50
@0x00000FB: 0xB6 CALL
@0x000000E: 0x18 PUSHAL
@0x000000F: 0x11 PUSHS 3, 'a ='
@0x0000014: 0xC0 MKARG
@0x0000015: 0xEC BLD
@0x0000016: 0x81 LD 47
@0x0000018: 0xC0 MKARG
@0x0000019: 0xEC BLD
@0x000001A: 0x11 PUSHS 3, 'b ='
@0x000001F: 0xC0 MKARG
@0x0000020: 0xEC BLD
@0x0000021: 0x81 LD 48
@0x0000023: 0xC0 MKARG
@0x0000024: 0xEC BLD
@0x0000025: 0x81 LD 25
@0x0000027: 0xB6 CALL
a = 1 b = 2
@0x0000028: 0x20 POP
@0x0000029: 0x18 PUSHAL
@0x000002A: 0x11 PUSHS 7, 'Extras:'
@0x0000033: 0xC0 MKARG
@0x0000034: 0xEC BLD
@0x0000035: 0x81 LD 1
@0x0000037: 0xC4 MKGARG
@0x0000038: 0xEC BLD
@0x0000039: 0x81 LD 25
@0x000003B: 0xB6 CALL
Extras: 3 10 11 1 2 3
@0x000003C: 0x20 POP
@0x000003D: 0x18 PUSHAL
@0x000003E: 0x11 PUSHS 3, 'z ='
@0x0000043: 0xC0 MKARG
@0x0000044: 0xEC BLD
@0x0000045: 0x81 LD 49
@0x0000047: 0xC0 MKARG
@0x0000048: 0xEC BLD
@0x0000049: 0x81 LD 25
@0x000004B: 0xB6 CALL
z = 99
@0x000004C: 0x20 POP
@0x000004D: 0x00 PUSHN
@0x000004E: 0xB7 RET
@0x00000FC: 0x20 POP
@0x00000FD: 0x8D DEL 51
@0x00000FF: 0x8D DEL 50
@0x0000101: 0xBC XMOD
@0x0000008: 0xFF END
---
Dump:
0x0000000: t=0x00(None) use=6
0x0000001: t=0x70(ns) count=2 root=0x0000004
0x0000002: t=0x70(ns) count=35 root=0x0000030
0x0000003: t=0x10(mod) use=36 code=0x0000000 ns=0x0000002 ld=1
0x0000004: t=0x7C(nsnode) sym=0 p=0x0000000 lr=0x00000E0 val=0x0000003 clr=B gl=0 loc=1
0x0000005: t=0x09(tuple) use=1 count=1 head=0x0000007 tail=0x0000007
0x0000006: t=0x7C(nsnode) sym=1 p=0x000000D lr=0x0000000 val=0x0000005 clr=B gl=0 loc=1
0x0000007: t=0x62(elem) prev=0x0000000 next=0x0000000 val=0x0000008
0x0000008: t=0x08(str) use=1 count=0 head=0x0000000 tail=0x0000000
0x0000009: t=0x81(parms) count=1 head=0x000000B tail=0x000000B
0x000000A: t=0x80(parm) s=36
0x000000B: t=0x62(elem) prev=0x0000000 next=0x0000000 val=0x000000A
0x000000C: t=0x0F(func) use=1 s=2 mod=0x0000003 params=0x0000009
0x000000D: t=0x7C(nsnode) sym=2 p=0x0000018 lr=0x0000014 val=0x000000C clr=B gl=0 loc=1
0x000000E: t=0x81(parms) count=1 head=0x0000016 tail=0x0000016
0x000000F: t=0x81(parms) count=1 head=0x0000011 tail=0x0000011
0x0000010: t=0x80(parm) s=36
0x0000011: t=0x62(elem) prev=0x0000000 next=0x0000000 val=0x0000010
0x0000012: t=0x0F(func) use=1 s=3 mod=0x0000003 params=0x000000F
0x0000013: t=0x7C(nsnode) sym=3 p=0x000000D lr=0x0000000 val=0x0000012 clr=B gl=0 loc=1
0x0000014: t=0x7D(lrnode) l=0x0000006 r=0x0000013
0x0000015: t=0x80(parm) s=36
0x0000016: t=0x62(elem) prev=0x0000000 next=0x0000000 val=0x0000015
0x0000017: t=0x0F(func) use=1 s=4 mod=0x0000003 params=0x000000E
0x0000018: t=0x7C(nsnode) sym=4 p=0x0000030 lr=0x000001F val=0x0000017 clr=B gl=0 loc=1
0x0000019: t=0x81(parms) count=1 head=0x0000021 tail=0x0000021
0x000001A: t=0x81(parms) count=1 head=0x000001C tail=0x000001C
0x000001B: t=0x80(parm) s=36
0x000001C: t=0x62(elem) prev=0x0000000 next=0x0000000 val=0x000001B
0x000001D: t=0x0F(func) use=1 s=5 mod=0x0000003 params=0x000001A
0x000001E: t=0x7C(nsnode) sym=5 p=0x0000023 lr=0x0000000 val=0x000001D clr=B gl=0 loc=1
0x000001F: t=0x7D(lrnode) l=0x000000D r=0x0000023
0x0000020: t=0x80(parm) s=36
0x0000021: t=0x62(elem) prev=0x0000000 next=0x0000000 val=0x0000020
0x0000022: t=0x0F(func) use=1 s=6 mod=0x0000003 params=0x0000019
0x0000023: t=0x7C(nsnode) sym=6 p=0x0000018 lr=0x000002A val=0x0000022 clr=B gl=0 loc=1
0x0000024: t=0x81(parms) count=2 head=0x000002C tail=0x000002E
0x0000025: t=0x81(parms) count=1 head=0x0000027 tail=0x0000027
0x0000026: t=0x80(parm) s=36
0x0000027: t=0x62(elem) prev=0x0000000 next=0x0000000 val=0x0000026
0x0000028: t=0x0F(func) use=1 s=7 mod=0x0000003 params=0x0000025
0x0000029: t=0x7C(nsnode) sym=7 p=0x0000023 lr=0x0000000 val=0x0000028 clr=B gl=0 loc=1
0x000002A: t=0x7D(lrnode) l=0x000001E r=0x0000029
0x000002B: t=0x80(parm) s=37
0x000002C: t=0x62(elem) prev=0x0000000 next=0x000002E val=0x000002B
0x000002D: t=0x80(parm) s=36
0x000002E: t=0x62(elem) prev=0x000002C next=0x0000000 val=0x000002D
0x000002F: t=0x0F(func) use=1 s=8 mod=0x0000003 params=0x0000024
0x0000030: t=0x7C(nsnode) sym=8 p=0x0000000 lr=0x0000037 val=0x000002F clr=B gl=0 loc=1
0x0000031: t=0x81(parms) count=1 head=0x000003A tail=0x000003A
0x0000032: t=0x81(parms) count=1 head=0x0000034 tail=0x0000034
0x0000033: t=0x80(parm) s=36
0x0000034: t=0x62(elem) prev=0x0000000 next=0x0000000 val=0x0000033
0x0000035: t=0x0F(func) use=1 s=9 mod=0x0000003 params=0x0000032
0x0000036: t=0x7C(nsnode) sym=9 p=0x000003C lr=0x0000000 val=0x0000035 clr=B gl=0 loc=1
0x0000037: t=0x7D(lrnode) l=0x0000018 r=0x000005E
0x0000038: t=0x80(parm) s=36 dflt=0x0000039
0x0000039: t=0x02(bool) use=1 value=False
0x000003A: t=0x62(elem) prev=0x0000000 next=0x0000000 val=0x0000038
0x000003B: t=0x0F(func) use=1 s=10 mod=0x0000003 params=0x0000031
0x000003C: t=0x7C(nsnode) sym=10 p=0x0000047 lr=0x0000043 val=0x000003B clr=B gl=0 loc=1
0x000003D: t=0x81(parms) count=1 head=0x0000045 tail=0x0000045
0x000003E: t=0x81(parms) count=1 head=0x0000040 tail=0x0000040
0x000003F: t=0x80(parm) s=36
0x0000040: t=0x62(elem) prev=0x0000000 next=0x0000000 val=0x000003F
0x0000041: t=0x0F(func) use=1 s=11 mod=0x0000003 params=0x000003E
0x0000042: t=0x7C(nsnode) sym=11 p=0x000003C lr=0x0000000 val=0x0000041 clr=B gl=0 loc=1
0x0000043: t=0x7D(lrnode) l=0x0000036 r=0x0000042
0x0000044: t=0x80(parm) s=36
0x0000045: t=0x62(elem) prev=0x0000000 next=0x0000000 val=0x0000044
0x0000046: t=0x0F(func) use=1 s=12 mod=0x0000003 params=0x000003D
0x0000047: t=0x7C(nsnode) sym=12 p=0x000005E lr=0x000004E val=0x0000046 clr=B gl=0 loc=1
0x0000048: t=0x81(parms) count=1 head=0x0000050 tail=0x0000050
0x0000049: t=0x81(parms) count=1 head=0x000004B tail=0x000004B
0x000004A: t=0x80(parm) s=36
0x000004B: t=0x62(elem) prev=0x0000000 next=0x0000000 val=0x000004A
0x000004C: t=0x0F(func) use=1 s=13 mod=0x0000003 params=0x0000049
0x000004D: t=0x7C(nsnode) sym=13 p=0x0000052 lr=0x0000000 val=0x000004C clr=B gl=0 loc=1
0x000004E: t=0x7D(lrnode) l=0x000003C r=0x0000052
0x000004F: t=0x80(parm) s=36
0x0000050: t=0x62(elem) prev=0x0000000 next=0x0000000 val=0x000004F
0x0000051: t=0x0F(func) use=1 s=14 mod=0x0000003 params=0x0000048
0x0000052: t=0x7C(nsnode) sym=14 p=0x0000047 lr=0x000005A val=0x0000051 clr=B gl=0 loc=1
0x0000053: t=0x81(parms) count=1 head=0x000005C tail=0x000005C
0x0000054: t=0x81(parms) count=1 head=0x0000057 tail=0x0000057
0x0000055: t=0x80(parm) s=36 dflt=0x0000056
0x0000056: t=0x04(float) use=1 value=0
0x0000057: t=0x62(elem) prev=0x0000000 next=0x0000000 val=0x0000055
0x0000058: t=0x0F(func) use=1 s=15 mod=0x0000003 params=0x0000054
0x0000059: t=0x7C(nsnode) sym=15 p=0x0000052 lr=0x0000000 val=0x0000058 clr=B gl=0 loc=1
0x000005A: t=0x7D(lrnode) l=0x000004D r=0x0000059
0x000005B: t=0x80(parm) s=36
0x000005C: t=0x62(elem) prev=0x0000000 next=0x0000000 val=0x000005B
0x000005D: t=0x0F(func) use=1 s=16 mod=0x0000003 params=0x0000053
0x000005E: t=0x7C(nsnode) sym=16 p=0x0000030 lr=0x0000067 val=0x000005D clr=R gl=0 loc=1
0x000005F: t=0x81(parms) count=2 head=0x000006A tail=0x000006C
0x0000060: t=0x81(parms) count=2 head=0x0000062 tail=0x0000064
0x0000061: t=0x80(parm) s=36
0x0000062: t=0x62(elem) prev=0x0000000 next=0x0000064 val=0x0000061
0x0000063: t=0x80(parm) s=37
0x0000064: t=0x62(elem) prev=0x0000062 next=0x0000000 val=0x0000063
0x0000065: t=0x0F(func) use=1 s=17 mod=0x0000003 params=0x0000060
0x0000066: t=0x7C(nsnode) sym=17 p=0x000006E lr=0x0000000 val=0x0000065 clr=B gl=0 loc=1
0x0000067: t=0x7D(lrnode) l=0x0000047 r=0x0000093
0x0000068: t=0x80(parm) s=36 dflt=0x0000069
0x0000069: t=0x03(int) use=1 value=0
0x000006A: t=0x62(elem) prev=0x0000000 next=0x000006C val=0x0000068
0x000006B: t=0x80(parm) s=38 dflt=0x0000000
0x000006C: t=0x62(elem) prev=0x000006A next=0x0000000 val=0x000006B
0x000006D: t=0x0F(func) use=1 s=18 mod=0x0000003 params=0x000005F
0x000006E: t=0x7C(nsnode) sym=18 p=0x0000079 lr=0x0000075 val=0x000006D clr=B gl=0 loc=1
0x000006F: t=0x81(parms) count=1 head=0x0000077 tail=0x0000077
0x0000070: t=0x81(parms) count=1 head=0x0000072 tail=0x0000072
0x0000071: t=0x80(parm) s=39
0x0000072: t=0x62(elem) prev=0x0000000 next=0x0000000 val=0x0000071
0x0000073: t=0x0F(func) use=1 s=19 mod=0x0000003 params=0x0000070
0x0000074: t=0x7C(nsnode) sym=19 p=0x000006E lr=0x0000000 val=0x0000073 clr=B gl=0 loc=1
0x0000075: t=0x7D(lrnode) l=0x0000066 r=0x0000074
0x0000076: t=0x80(parm) s=40
0x0000077: t=0x62(elem) prev=0x0000000 next=0x0000000 val=0x0000076
0x0000078: t=0x0F(func) use=1 s=20 mod=0x0000003 params=0x000006F
0x0000079: t=0x7C(nsnode) sym=20 p=0x0000093 lr=0x0000080 val=0x0000078 clr=R gl=0 loc=1
0x000007A: t=0x81(parms) count=2 head=0x0000082 tail=0x0000084
0x000007B: t=0x81(parms) count=1 head=0x000007D tail=0x000007D
0x000007C: t=0x80(parm) s=39 dflt=0x0000000
0x000007D: t=0x62(elem) prev=0x0000000 next=0x0000000 val=0x000007C
0x000007E: t=0x0F(func) use=1 s=21 mod=0x0000003 params=0x000007B
0x000007F: t=0x7C(nsnode) sym=21 p=0x0000086 lr=0x0000000 val=0x000007E clr=B gl=0 loc=1
0x0000080: t=0x7D(lrnode) l=0x000006E r=0x0000086
0x0000081: t=0x80(parm) s=36
0x0000082: t=0x62(elem) prev=0x0000000 next=0x0000084 val=0x0000081
0x0000083: t=0x80(parm) s=38 dflt=0x0000000
0x0000084: t=0x62(elem) prev=0x0000082 next=0x0000000 val=0x0000083
0x0000085: t=0x0F(func) use=1 s=22 mod=0x0000003 params=0x000007A
0x0000086: t=0x7C(nsnode) sym=22 p=0x0000079 lr=0x000008D val=0x0000085 clr=B gl=0 loc=1
0x0000087: t=0x81(parms) count=2 head=0x000008F tail=0x0000091
0x0000088: t=0x81(parms) count=1 head=0x000008A tail=0x000008A
0x0000089: t=0x80(parm) s=36
0x000008A: t=0x62(elem) prev=0x0000000 next=0x0000000 val=0x0000089
0x000008B: t=0x0F(func) use=1 s=23 mod=0x0000003 params=0x0000088
0x000008C: t=0x7C(nsnode) sym=23 p=0x0000086 lr=0x0000000 val=0x000008B clr=B gl=0 loc=1
0x000008D: t=0x7D(lrnode) l=0x000007F r=0x000008C
0x000008E: t=0x80(parm) s=41
0x000008F: t=0x62(elem) prev=0x0000000 next=0x0000091 val=0x000008E
0x0000090: t=0x80(parm) s=42 dflt=0x0000000
0x0000091: t=0x62(elem) prev=0x000008F next=0x0000000 val=0x0000090
0x0000092: t=0x0F(func) use=1 s=24 mod=0x0000003 params=0x0000087
0x0000093: t=0x7C(nsnode) sym=24 p=0x000005E lr=0x00000A4 val=0x0000092 clr=B gl=0 loc=1
0x0000094: t=0x81(parms) count=1 head=0x00000A6 tail=0x00000A6
0x0000095: t=0x81(parms) count=3 head=0x0000097 tail=0x00000A1
0x0000096: t=0x80(parm) s=43 grp
0x0000097: t=0x62(elem) prev=0x0000000 next=0x000009C val=0x0000096
0x0000098: t=0x80(parm) s=44 dflt=0x0000099
0x0000099: t=0x08(str) use=1 count=1 head=0x000009B tail=0x000009B
0x000009A: t=0x64(strfrag) c=1 s=' '
0x000009B: t=0x62(elem) prev=0x0000000 next=0x0000000 val=0x000009A
0x000009C: t=0x62(elem) prev=0x0000097 next=0x00000A1 val=0x0000098
0x000009D: t=0x80(parm) s=42 dflt=0x000009E
0x000009E: t=0x08(str) use=1 count=1 head=0x00000A0 tail=0x00000A0
0x000009F: t=0x64(strfrag) c=1 s='\x0a'
0x00000A0: t=0x62(elem) prev=0x0000000 next=0x0000000 val=0x000009F
0x00000A1: t=0x62(elem) prev=0x000009C next=0x0000000 val=0x000009D
0x00000A2: t=0x0F(func) use=1 s=25 mod=0x0000003 params=0x0000095
0x00000A3: t=0x7C(nsnode) sym=25 p=0x00000A8 lr=0x0000000 val=0x00000A2 clr=B gl=0 loc=1
0x00000A4: t=0x7D(lrnode) l=0x0000079 r=0x00000B3
0x00000A5: t=0x80(parm) s=36
0x00000A6: t=0x62(elem) prev=0x0000000 next=0x0000000 val=0x00000A5
0x00000A7: t=0x0F(func) use=1 s=26 mod=0x0000003 params=0x0000094
0x00000A8: t=0x7C(nsnode) sym=26 p=0x00000B3 lr=0x00000AF val=0x00000A7 clr=B gl=0 loc=1
0x00000A9: t=0x81(parms) count=1 head=0x00000B1 tail=0x00000B1
0x00000AA: t=0x81(parms) count=1 head=0x00000AC tail=0x00000AC
0x00000AB: t=0x80(parm) s=36
0x00000AC: t=0x62(elem) prev=0x0000000 next=0x0000000 val=0x00000AB
0x00000AD: t=0x0F(func) use=1 s=27 mod=0x0000003 params=0x00000AA
0x00000AE: t=0x7C(nsnode) sym=27 p=0x00000A8 lr=0x0000000 val=0x00000AD clr=B gl=0 loc=1
0x00000AF: t=0x7D(lrnode) l=0x00000A3 r=0x00000AE
0x00000B0: t=0x80(parm) s=36
0x00000B1: t=0x62(elem) prev=0x0000000 next=0x0000000 val=0x00000B0
0x00000B2: t=0x0F(func) use=1 s=28 mod=0x0000003 params=0x00000A9
0x00000B3: t=0x7C(nsnode) sym=28 p=0x0000093 lr=0x00000BA val=0x00000B2 clr=R gl=0 loc=1
0x00000B4: t=0x81(parms) count=1 head=0x00000BC tail=0x00000BC
0x00000B5: t=0x81(parms) count=1 head=0x00000B7 tail=0x00000B7
0x00000B6: t=0x80(parm) s=36
0x00000B7: t=0x62(elem) prev=0x0000000 next=0x0000000 val=0x00000B6
0x00000B8: t=0x0F(func) use=1 s=29 mod=0x0000003 params=0x00000B5
0x00000B9: t=0x7C(nsnode) sym=29 p=0x00000BE lr=0x0000000 val=0x00000B8 clr=B gl=0 loc=1
0x00000BA: t=0x7D(lrnode) l=0x00000A8 r=0x00000BE
0x00000BB: t=0x80(parm) s=45
0x00000BC: t=0x62(elem) prev=0x0000000 next=0x0000000 val=0x00000BB
0x00000BD: t=0x0F(func) use=1 s=30 mod=0x0000003 params=0x00000B4
0x00000BE: t=0x7C(nsnode) sym=30 p=0x00000B3 lr=0x00000C6 val=0x00000BD clr=B gl=0 loc=1
0x00000BF: t=0x81(parms) count=1 head=0x00000C8 tail=0x00000C8
0x00000C0: t=0x81(parms) count=1 head=0x00000C3 tail=0x00000C3
0x00000C1: t=0x80(parm) s=36 dflt=0x00000C2
0x00000C2: t=0x08(str) use=1 count=0 head=0x0000000 tail=0x0000000
0x00000C3: t=0x62(elem) prev=0x0000000 next=0x0000000 val=0x00000C1
0x00000C4: t=0x0F(func) use=1 s=31 mod=0x0000003 params=0x00000C0
0x00000C5: t=0x7C(nsnode) sym=31 p=0x00000CA lr=0x0000000 val=0x00000C4 clr=B gl=0 loc=1
0x00000C6: t=0x7D(lrnode) l=0x00000B9 r=0x00000CA
0x00000C7: t=0x80(parm) s=36
0x00000C8: t=0x62(elem) prev=0x0000000 next=0x0000000 val=0x00000C7
0x00000C9: t=0x0F(func) use=1 s=32 mod=0x0000003 params=0x00000BF
0x00000CA: t=0x7C(nsnode) sym=32 p=0x00000BE lr=0x00000D1 val=0x00000C9 clr=R gl=0 loc=1
0x00000CB: t=0x81(parms) count=1 head=0x00000D3 tail=0x00000D3
0x00000CC: t=0x81(parms) count=1 head=0x00000CE tail=0x00000CE
0x00000CD: t=0x80(parm) s=36
0x00000CE: t=0x62(elem) prev=0x0000000 next=0x0000000 val=0x00000CD
0x00000CF: t=0x0F(func) use=1 s=33 mod=0x0000003 params=0x00000CC
0x00000D0: t=0x7C(nsnode) sym=33 p=0x00000D5 lr=0x0000000 val=0x00000CF clr=R gl=0 loc=1
0x00000D1: t=0x7D(lrnode) l=0x00000C5 r=0x00000D5
0x00000D2: t=0x80(parm) s=39 dflt=0x0000000
0x00000D3: t=0x62(elem) prev=0x0000000 next=0x0000000 val=0x00000D2
0x00000D4: t=0x0F(func) use=1 s=34 mod=0x0000003 params=0x00000CB
0x00000D5: t=0x7C(nsnode) sym=34 p=0x00000CA lr=0x00000DC val=0x00000D4 clr=B gl=0 loc=1
0x00000D6: t=0x70(ns) count=1 root=0x00000DD
0x00000D7: t=0x81(parms) count=1 head=0x00000D9 tail=0x00000D9
0x00000D8: t=0x80(parm) s=40
0x00000D9: t=0x62(elem) prev=0x0000000 next=0x0000000 val=0x00000D8
0x00000DA: t=0x0F(func) use=1 s=35 mod=0x0000003 params=0x00000D7
0x00000DB: t=0x7C(nsnode) sym=35 p=0x00000D5 lr=0x0000000 val=0x00000DA clr=R gl=0 loc=1
0x00000DC: t=0x7D(lrnode) l=0x00000D0 r=0x00000DB
0x00000DD: t=0x7C(nsnode) sym=0 p=0x0000000 lr=0x0000000 val=0x0000003 clr=B gl=0 loc=1
0x00000DE: t=0x10(mod) use=1 code=0x0000009 ns=0x00000D6 ld=1
0x00000DF: t=0x7C(nsnode) sym=46 p=0x0000004 lr=0x0000000 val=0x00000DE clr=R gl=0 loc=1
0x00000E0: t=0x7D(lrnode) l=0x0000000 r=0x00000DF
0x00000E1...0x00007FF: t=0xFF(free)
---
Program counter: 0x0000009
Free count: 1823; next free entry: 0x00000E2
Free count low water mark: 1750
Stack: empty
Modules: 0x0000001
Current module: 0x0000003
System namespace: 0x0000002
Current global namespace: 0x0000002
Current local namespace: 0x0000002
---
Executed 271 instructions
Run error 0x01: Complete
Program counter: 0x0000009; func-group2.asp:1:5
