Executing instructions indefinitely...
@0x0000000: 0xB9 ADDMOD 27, @0x0000009
@0x0000006: 0xBD LDMOD 27
@0x0000009: 0x18 PUSHAL
@0x000000A: 0x05 PUSHI 1
@0x000000C: 0xC0 MKARG
@0x000000D: 0xEE BLD
@0x000000E: 0x81 LD 27
@0x0000010: 0xB6 CALL
1
@0x0000011: 0x20 POP
@0x0000012: 0x18 PUSHAL
@0x0000013: 0x14 PUSHTU
@0x0000014: 0xC0 MKARG
@0x0000015: 0xEE BLD
@0x0000016: 0x81 LD 27
@0x0000018: 0xB6 CALL
()
@0x0000019: 0x20 POP
@0x000001A: 0x18 PUSHAL
@0x000001B: 0x14 PUSHTU
@0x000001C: 0x05 PUSHI 1
@0x000001E: 0xEE BLD
@0x000001F: 0xC0 MKARG
@0x0000020: 0xEE BLD
@0x0000021: 0x81 LD 27
@0x0000023: 0xB6 CALL
(1,)
@0x0000024: 0x20 POP
@0x0000025: 0x18 PUSHAL
@0x0000026: 0x14 PUSHTU
@0x0000027: 0x05 PUSHI 1
@0x0000029: 0xEE BLD
@0x000002A: 0x05 PUSHI 2
@0x000002C: 0xEE BLD
@0x000002D: 0xC0 MKARG
@0x000002E: 0xEE BLD
@0x000002F: 0x81 LD 27
@0x0000031: 0xB6 CALL
(1, 2)
@0x0000032: 0x20 POP
@0x0000033: 0x18 PUSHAL
@0x0000034: 0x14 PUSHTU
@0x0000035: 0x05 PUSHI 1
@0x0000037: 0xEE BLD
@0x0000038: 0x05 PUSHI 2
@0x000003A: 0xEE BLD
@0x000003B: 0x05 PUSHI 3
@0x000003D: 0xEE BLD
@0x000003E: 0xC0 MKARG
@0x000003F: 0xEE BLD
@0x0000040: 0x81 LD 27
@0x0000042: 0xB6 CALL
(1, 2, 3)
@0x0000043: 0x20 POP
@0x0000044: 0x18 PUSHAL
@0x0000045: 0x15 PUSHLI
@0x0000046: 0xC0 MKARG
@0x0000047: 0xEE BLD
@0x0000048: 0x81 LD 27
@0x000004A: 0xB6 CALL
[]
@0x000004B: 0x20 POP
@0x000004C: 0x18 PUSHAL
@0x000004D: 0x15 PUSHLI
@0x000004E: 0x05 PUSHI 1
@0x0000050: 0xEE BLD
@0x0000051: 0xC0 MKARG
@0x0000052: 0xEE BLD
@0x0000053: 0x81 LD 27
@0x0000055: 0xB6 CALL
[1]
@0x0000056: 0x20 POP
@0x0000057: 0x18 PUSHAL
@0x0000058: 0x15 PUSHLI
@0x0000059: 0x05 PUSHI 1
@0x000005B: 0xEE BLD
@0x000005C: 0x05 PUSHI 2
@0x000005E: 0xEE BLD
@0x000005F: 0xC0 MKARG
@0x0000060: 0xEE BLD
@0x0000061: 0x81 LD 27
@0x0000063: 0xB6 CALL
[1, 2]
@0x0000064: 0x20 POP
@0x0000065: 0x18 PUSHAL
@0x0000066: 0x15 PUSHLI
@0x0000067: 0x05 PUSHI 1
@0x0000069: 0xEE BLD
@0x000006A: 0x05 PUSHI 2
@0x000006C: 0xEE BLD
@0x000006D: 0x05 PUSHI 3
@0x000006F: 0xEE BLD
@0x0000070: 0xC0 MKARG
@0x0000071: 0xEE BLD
@0x0000072: 0x81 LD 27
@0x0000074: 0xB6 CALL
[1, 2, 3]
@0x0000075: 0x20 POP
@0x0000076: 0x18 PUSHAL
@0x0000077: 0x11 PUSHS 3, 'abc'
@0x000007C: 0xC0 MKARG
@0x000007D: 0xEE BLD
@0x000007E: 0x81 LD 27
@0x0000080: 0xB6 CALL
abc
@0x0000081: 0x20 POP
@0x0000082: 0x18 PUSHAL
@0x0000083: 0x14 PUSHTU
@0x0000084: 0x11 PUSHS 4, 'a.bc'
@0x000008A: 0xEE BLD
@0x000008B: 0xC0 MKARG
@0x000008C: 0xEE BLD
@0x000008D: 0x81 LD 27
@0x000008F: 0xB6 CALL
('a\nbc',)
@0x0000090: 0x20 POP
@0x0000091: 0x18 PUSHAL
@0x0000092: 0x14 PUSHTU
@0x0000093: 0x11 PUSHS 3, 'abc'
@0x0000098: 0xEE BLD
@0x0000099: 0x11 PUSHS 5, 'd.e.f'
@0x00000A0: 0xEE BLD
@0x00000A1: 0xC0 MKARG
@0x00000A2: 0xEE BLD
@0x00000A3: 0x81 LD 27
@0x00000A5: 0xB6 CALL
('abc', 'd\xefe\0f')
@0x00000A6: 0x20 POP
@0x00000A7: 0x18 PUSHAL
@0x00000A8: 0x14 PUSHTU
@0x00000A9: 0x11 PUSHS 3, 'abc'
@0x00000AE: 0xEE BLD
@0x00000AF: 0x11 PUSHS 3, 'def'
@0x00000B4: 0xEE BLD
@0x00000B5: 0x11 PUSHS 6, 'lmn.op'
@0x00000BD: 0xEE BLD
@0x00000BE: 0xC0 MKARG
@0x00000BF: 0xEE BLD
@0x00000C0: 0x81 LD 27
@0x00000C2: 0xB6 CALL
('abc', 'def', 'lmn\aop')
@0x00000C3: 0x20 POP
@0x00000C4: 0x18 PUSHAL
@0x00000C5: 0x14 PUSHTU
@0x00000C6: 0x14 PUSHTU
@0x00000C7: 0x14 PUSHTU
@0x00000C8: 0x05 PUSHI 1
@0x00000CA: 0xEE BLD
@0x00000CB: 0xEE BLD
@0x00000CC: 0xEE BLD
@0x00000CD: 0xC0 MKARG
@0x00000CE: 0xEE BLD
@0x00000CF: 0x81 LD 27
@0x00000D1: 0xB6 CALL
(((1,),),)
@0x00000D2: 0x20 POP
@0x00000D3: 0x18 PUSHAL
@0x00000D4: 0x14 PUSHTU
@0x00000D5: 0x14 PUSHTU
@0x00000D6: 0x05 PUSHI 1
@0x00000D8: 0xEE BLD
@0x00000D9: 0xEE BLD
@0x00000DA: 0x14 PUSHTU
@0x00000DB: 0x05 PUSHI 2
@0x00000DD: 0xEE BLD
@0x00000DE: 0x05 PUSHI 3
@0x00000E0: 0xEE BLD
@0x00000E1: 0xEE BLD
@0x00000E2: 0xC0 MKARG
@0x00000E3: 0xEE BLD
@0x00000E4: 0x81 LD 27
@0x00000E6: 0xB6 CALL
((1,), (2, 3))
@0x00000E7: 0x20 POP
@0x00000E8: 0x18 PUSHAL
@0x00000E9: 0x16 PUSHSE
@0x00000EA: 0xC0 MKARG
@0x00000EB: 0xEE BLD
@0x00000EC: 0x81 LD 27
@0x00000EE: 0xB6 CALL
{}
@0x00000EF: 0x20 POP
@0x00000F0: 0x18 PUSHAL
@0x00000F1: 0x16 PUSHSE
@0x00000F2: 0x05 PUSHI 1
@0x00000F4: 0xEE BLD
@0x00000F5: 0xC0 MKARG
@0x00000F6: 0xEE BLD
@0x00000F7: 0x81 LD 27
@0x00000F9: 0xB6 CALL
{1}
@0x00000FA: 0x20 POP
@0x00000FB: 0x18 PUSHAL
@0x00000FC: 0x16 PUSHSE
@0x00000FD: 0x05 PUSHI 1
@0x00000FF: 0xEE BLD
@0x0000100: 0x05 PUSHI 2
@0x0000102: 0xEE BLD
@0x0000103: 0xC0 MKARG
@0x0000104: 0xEE BLD
@0x0000105: 0x81 LD 27
@0x0000107: 0xB6 CALL
{1, 2}
@0x0000108: 0x20 POP
@0x0000109: 0x18 PUSHAL
@0x000010A: 0x16 PUSHSE
@0x000010B: 0x05 PUSHI 1
@0x000010D: 0xEE BLD
@0x000010E: 0x14 PUSHTU
@0x000010F: 0x05 PUSHI 2
@0x0000111: 0xEE BLD
@0x0000112: 0xEE BLD
@0x0000113: 0xC0 MKARG
@0x0000114: 0xEE BLD
@0x0000115: 0x81 LD 27
@0x0000117: 0xB6 CALL
{1, (2,)}
@0x0000118: 0x20 POP
@0x0000119: 0x18 PUSHAL
@0x000011A: 0x17 PUSHDI
@0x000011B: 0xC0 MKARG
@0x000011C: 0xEE BLD
@0x000011D: 0x81 LD 27
@0x000011F: 0xB6 CALL
{:}
@0x0000120: 0x20 POP
@0x0000121: 0x18 PUSHAL
@0x0000122: 0x17 PUSHDI
@0x0000123: 0x11 PUSHS 1, 'a'
@0x0000126: 0x05 PUSHI 1
@0x0000128: 0xE2 MKKVP
@0x0000129: 0xEE BLD
@0x000012A: 0xC0 MKARG
@0x000012B: 0xEE BLD
@0x000012C: 0x81 LD 27
@0x000012E: 0xB6 CALL
{1: 'a'}
@0x000012F: 0x20 POP
@0x0000130: 0x18 PUSHAL
@0x0000131: 0x17 PUSHDI
@0x0000132: 0x11 PUSHS 1, 'a'
@0x0000135: 0x05 PUSHI 1
@0x0000137: 0xE2 MKKVP
@0x0000138: 0xEE BLD
@0x0000139: 0x11 PUSHS 1, 'b'
@0x000013C: 0x05 PUSHI 2
@0x000013E: 0xE2 MKKVP
@0x000013F: 0xEE BLD
@0x0000140: 0xC0 MKARG
@0x0000141: 0xEE BLD
@0x0000142: 0x81 LD 27
@0x0000144: 0xB6 CALL
{1: 'a', 2: 'b'}
@0x0000145: 0x20 POP
@0x0000146: 0x18 PUSHAL
@0x0000147: 0x17 PUSHDI
@0x0000148: 0x11 PUSHS 2, '..'
@0x000014C: 0x14 PUSHTU
@0x000014D: 0x05 PUSHI 1
@0x000014F: 0xEE BLD
@0x0000150: 0xE2 MKKVP
@0x0000151: 0xEE BLD
@0x0000152: 0x11 PUSHS 2, '.b'
@0x0000156: 0x05 PUSHI 2
@0x0000158: 0xE2 MKKVP
@0x0000159: 0xEE BLD
@0x000015A: 0xC0 MKARG
@0x000015B: 0xEE BLD
@0x000015C: 0x81 LD 27
@0x000015E: 0xB6 CALL
{2: '\ab', (1,): '\a\n'}
@0x000015F: 0x20 POP
@0x0000160: 0xB3 JMP @0x0000167
@0x0000167: 0x19 PUSHPL
@0x0000168: 0x1C PUSHCA @0x0000165
@0x000016D: 0xE0 MKFUN @0x0000165
@0x000016E: 0x85 LDA 50
@0x0000170: 0x89 SETP
@0x0000171: 0x18 PUSHAL
@0x0000172: 0x81 LD 50
@0x0000174: 0xC0 MKARG
@0x0000175: 0xEE BLD
@0x0000176: 0x81 LD 27
@0x0000178: 0xB6 CALL
<func:@0000165>
@0x0000179: 0x20 POP
@0x000017A: 0x18 PUSHAL
@0x000017B: 0x16 PUSHSE
@0x000017C: 0x14 PUSHTU
@0x000017D: 0x81 LD 50
@0x000017F: 0xEE BLD
@0x0000180: 0xEE BLD
@0x0000181: 0x81 LD 0
@0x0000183: 0xEE BLD
@0x0000184: 0x81 LD 50
@0x0000186: 0xEE BLD
@0x0000187: 0x14 PUSHTU
@0x0000188: 0x81 LD 0
@0x000018A: 0xEE BLD
@0x000018B: 0xEE BLD
@0x000018C: 0xC0 MKARG
@0x000018D: 0xEE BLD
@0x000018E: 0x81 LD 27
@0x0000190: 0xB6 CALL
{(<func:@0000165>,), (<mod:@0000000>,), <func:@0000165>, <mod:@0000000>}
@0x0000191: 0x20 POP
@0x0000192: 0x8D DEL 50
@0x0000194: 0x18 PUSHAL
@0x0000195: 0x05 PUSHI 1
@0x0000197: 0xC0 MKARG
@0x0000198: 0xEE BLD
@0x0000199: 0x05 PUSHI 2
@0x000019B: 0xC0 MKARG
@0x000019C: 0xEE BLD
@0x000019D: 0x05 PUSHI 3
@0x000019F: 0xC0 MKARG
@0x00001A0: 0xEE BLD
@0x00001A1: 0x10 PUSHS 0, ''
@0x00001A2: 0xC1 MKNARG 48
@0x00001A4: 0xEE BLD
@0x00001A5: 0x81 LD 27
@0x00001A7: 0xB6 CALL
123
@0x00001A8: 0x20 POP
@0x00001A9: 0x18 PUSHAL
@0x00001AA: 0x05 PUSHI 1
@0x00001AC: 0xC0 MKARG
@0x00001AD: 0xEE BLD
@0x00001AE: 0x05 PUSHI 2
@0x00001B0: 0xC0 MKARG
@0x00001B1: 0xEE BLD
@0x00001B2: 0x05 PUSHI 3
@0x00001B4: 0xC0 MKARG
@0x00001B5: 0xEE BLD
@0x00001B6: 0x11 PUSHS 2, '::'
@0x00001BA: 0xC1 MKNARG 48
@0x00001BC: 0xEE BLD
@0x00001BD: 0x11 PUSHS 3, '---'
@0x00001C2: 0xC1 MKNARG 46
@0x00001C4: 0xEE BLD
@0x00001C5: 0x81 LD 27
@0x00001C7: 0xB6 CALL
1::2::3---@0x00001C8: 0x20 POP
@0x00001C9: 0x18 PUSHAL
@0x00001CA: 0x05 PUSHI 1
@0x00001CC: 0xC0 MKARG
@0x00001CD: 0xEE BLD
@0x00001CE: 0x05 PUSHI 2
@0x00001D0: 0xC0 MKARG
@0x00001D1: 0xEE BLD
@0x00001D2: 0x05 PUSHI 3
@0x00001D4: 0xC0 MKARG
@0x00001D5: 0xEE BLD
@0x00001D6: 0x10 PUSHS 0, ''
@0x00001D7: 0xC1 MKNARG 46
@0x00001D9: 0xEE BLD
@0x00001DA: 0x11 PUSHS 2, '//'
@0x00001DE: 0xC1 MKNARG 48
@0x00001E0: 0xEE BLD
@0x00001E1: 0x81 LD 27
@0x00001E3: 0xB6 CALL
1//2//3@0x00001E4: 0x20 POP
@0x00001E5: 0x18 PUSHAL
@0x00001E6: 0x11 PUSHS 4, 'Done'
@0x00001EC: 0xC0 MKARG
@0x00001ED: 0xEE BLD
@0x00001EE: 0x81 LD 27
@0x00001F0: 0xB6 CALL
Done
@0x00001F1: 0x20 POP
@0x00001F2: 0xBC XMOD
@0x0000008: 0xFF END
---
Dump:
0x0000000: t=0x00(None) use=7
0x0000001: t=0x70(ns) count=2 root=0x0000004
0x0000002: t=0x70(ns) count=37 root=0x0000030
0x0000003: t=0x10(mod) use=38 code=0x0000000 ns=0x0000002 ld=1
0x0000004: t=0x7C(nsnode) sym=0 p=0x0000000 lr=0x00000EE val=0x0000003 clr=B gl=0 loc=1
0x0000005: t=0x09(tuple) use=1 count=1 head=0x0000007 tail=0x0000007
0x0000006: t=0x7C(nsnode) sym=1 p=0x000000D lr=0x0000000 val=0x0000005 clr=B gl=0 loc=1
0x0000007: t=0x62(elem) prev=0x0000000 next=0x0000000 val=0x0000008
0x0000008: t=0x08(str) use=1 count=0 head=0x0000000 tail=0x0000000
0x0000009: t=0x81(parms) count=1 head=0x000000B tail=0x000000B
0x000000A: t=0x80(parm) s=38
0x000000B: t=0x62(elem) prev=0x0000000 next=0x0000000 val=0x000000A
0x000000C: t=0x0F(func) use=1 s=2 mod=0x0000003 params=0x0000009
0x000000D: t=0x7C(nsnode) sym=2 p=0x0000018 lr=0x0000014 val=0x000000C clr=B gl=0 loc=1
0x000000E: t=0x81(parms) count=1 head=0x0000016 tail=0x0000016
0x000000F: t=0x81(parms) count=1 head=0x0000011 tail=0x0000011
0x0000010: t=0x80(parm) s=38
0x0000011: t=0x62(elem) prev=0x0000000 next=0x0000000 val=0x0000010
0x0000012: t=0x0F(func) use=1 s=3 mod=0x0000003 params=0x000000F
0x0000013: t=0x7C(nsnode) sym=3 p=0x000000D lr=0x0000000 val=0x0000012 clr=B gl=0 loc=1
0x0000014: t=0x7D(lrnode) l=0x0000006 r=0x0000013
0x0000015: t=0x80(parm) s=38
0x0000016: t=0x62(elem) prev=0x0000000 next=0x0000000 val=0x0000015
0x0000017: t=0x0F(func) use=1 s=4 mod=0x0000003 params=0x000000E
0x0000018: t=0x7C(nsnode) sym=4 p=0x0000030 lr=0x000001F val=0x0000017 clr=B gl=0 loc=1
0x0000019: t=0x81(parms) count=1 head=0x0000021 tail=0x0000021
0x000001A: t=0x81(parms) count=1 head=0x000001C tail=0x000001C
0x000001B: t=0x80(parm) s=38
0x000001C: t=0x62(elem) prev=0x0000000 next=0x0000000 val=0x000001B
0x000001D: t=0x0F(func) use=1 s=5 mod=0x0000003 params=0x000001A
0x000001E: t=0x7C(nsnode) sym=5 p=0x0000023 lr=0x0000000 val=0x000001D clr=B gl=0 loc=1
0x000001F: t=0x7D(lrnode) l=0x000000D r=0x0000023
0x0000020: t=0x80(parm) s=38
0x0000021: t=0x62(elem) prev=0x0000000 next=0x0000000 val=0x0000020
0x0000022: t=0x0F(func) use=1 s=6 mod=0x0000003 params=0x0000019
0x0000023: t=0x7C(nsnode) sym=6 p=0x0000018 lr=0x000002A val=0x0000022 clr=B gl=0 loc=1
0x0000024: t=0x81(parms) count=2 head=0x000002C tail=0x000002E
0x0000025: t=0x81(parms) count=1 head=0x0000027 tail=0x0000027
0x0000026: t=0x80(parm) s=38
0x0000027: t=0x62(elem) prev=0x0000000 next=0x0000000 val=0x0000026
0x0000028: t=0x0F(func) use=1 s=7 mod=0x0000003 params=0x0000025
0x0000029: t=0x7C(nsnode) sym=7 p=0x0000023 lr=0x0000000 val=0x0000028 clr=B gl=0 loc=1
0x000002A: t=0x7D(lrnode) l=0x000001E r=0x0000029
0x000002B: t=0x80(parm) s=39
0x000002C: t=0x62(elem) prev=0x0000000 next=0x000002E val=0x000002B
0x000002D: t=0x80(parm) s=38
0x000002E: t=0x62(elem) prev=0x000002C next=0x0000000 val=0x000002D
0x000002F: t=0x0F(func) use=1 s=8 mod=0x0000003 params=0x0000024
0x0000030: t=0x7C(nsnode) sym=8 p=0x0000000 lr=0x0000037 val=0x000002F clr=B gl=0 loc=1
0x0000031: t=0x81(parms) count=1 head=0x000003A tail=0x000003A
0x0000032: t=0x81(parms) count=1 head=0x0000034 tail=0x0000034
0x0000033: t=0x80(parm) s=38
0x0000034: t=0x62(elem) prev=0x0000000 next=0x0000000 val=0x0000033
0x0000035: t=0x0F(func) use=1 s=9 mod=0x0000003 params=0x0000032
0x0000036: t=0x7C(nsnode) sym=9 p=0x000003C lr=0x0000000 val=0x0000035 clr=B gl=0 loc=1
0x0000037: t=0x7D(lrnode) l=0x0000018 r=0x000005E
0x0000038: t=0x80(parm) s=38 dflt=0x0000039
0x0000039: t=0x02(bool) use=1 value=False
0x000003A: t=0x62(elem) prev=0x0000000 next=0x0000000 val=0x0000038
0x000003B: t=0x0F(func) use=1 s=10 mod=0x0000003 params=0x0000031
0x000003C: t=0x7C(nsnode) sym=10 p=0x0000047 lr=0x0000043 val=0x000003B clr=B gl=0 loc=1
0x000003D: t=0x81(parms) count=1 head=0x0000045 tail=0x0000045
0x000003E: t=0x81(parms) count=1 head=0x0000040 tail=0x0000040
0x000003F: t=0x80(parm) s=38
0x0000040: t=0x62(elem) prev=0x0000000 next=0x0000000 val=0x000003F
0x0000041: t=0x0F(func) use=1 s=11 mod=0x0000003 params=0x000003E
0x0000042: t=0x7C(nsnode) sym=11 p=0x000003C lr=0x0000000 val=0x0000041 clr=B gl=0 loc=1
0x0000043: t=0x7D(lrnode) l=0x0000036 r=0x0000042
0x0000044: t=0x80(parm) s=38
0x0000045: t=0x62(elem) prev=0x0000000 next=0x0000000 val=0x0000044
0x0000046: t=0x0F(func) use=1 s=12 mod=0x0000003 params=0x000003D
0x0000047: t=0x7C(nsnode) sym=12 p=0x000005E lr=0x000004E val=0x0000046 clr=B gl=0 loc=1
0x0000048: t=0x81(parms) count=1 head=0x0000050 tail=0x0000050
0x0000049: t=0x81(parms) count=1 head=0x000004B tail=0x000004B
0x000004A: t=0x80(parm) s=38
0x000004B: t=0x62(elem) prev=0x0000000 next=0x0000000 val=0x000004A
0x000004C: t=0x0F(func) use=1 s=13 mod=0x0000003 params=0x0000049
0x000004D: t=0x7C(nsnode) sym=13 p=0x0000052 lr=0x0000000 val=0x000004C clr=B gl=0 loc=1
0x000004E: t=0x7D(lrnode) l=0x000003C r=0x0000052
0x000004F: t=0x80(parm) s=40 dflt=0x0000000
0x0000050: t=0x62(elem) prev=0x0000000 next=0x0000000 val=0x000004F
0x0000051: t=0x0F(func) use=1 s=14 mod=0x0000003 params=0x0000048
0x0000052: t=0x7C(nsnode) sym=14 p=0x0000047 lr=0x0000059 val=0x0000051 clr=B gl=0 loc=1
0x0000053: t=0x81(parms) count=1 head=0x000005C tail=0x000005C
0x0000054: t=0x81(parms) count=1 head=0x0000056 tail=0x0000056
0x0000055: t=0x80(parm) s=38
0x0000056: t=0x62(elem) prev=0x0000000 next=0x0000000 val=0x0000055
0x0000057: t=0x0F(func) use=1 s=15 mod=0x0000003 params=0x0000054
0x0000058: t=0x7C(nsnode) sym=15 p=0x0000052 lr=0x0000000 val=0x0000057 clr=B gl=0 loc=1
0x0000059: t=0x7D(lrnode) l=0x000004D r=0x0000058
0x000005A: t=0x80(parm) s=38 dflt=0x000005B
0x000005B: t=0x04(float) use=1 value=0
0x000005C: t=0x62(elem) prev=0x0000000 next=0x0000000 val=0x000005A
0x000005D: t=0x0F(func) use=1 s=16 mod=0x0000003 params=0x0000053
0x000005E: t=0x7C(nsnode) sym=16 p=0x0000030 lr=0x0000065 val=0x000005D clr=R gl=0 loc=1
0x000005F: t=0x81(parms) count=2 head=0x0000067 tail=0x0000069
0x0000060: t=0x81(parms) count=1 head=0x0000062 tail=0x0000062
0x0000061: t=0x80(parm) s=38
0x0000062: t=0x62(elem) prev=0x0000000 next=0x0000000 val=0x0000061
0x0000063: t=0x0F(func) use=1 s=17 mod=0x0000003 params=0x0000060
0x0000064: t=0x7C(nsnode) sym=17 p=0x000006B lr=0x0000000 val=0x0000063 clr=B gl=0 loc=1
0x0000065: t=0x7D(lrnode) l=0x0000047 r=0x0000094
0x0000066: t=0x80(parm) s=38
0x0000067: t=0x62(elem) prev=0x0000000 next=0x0000069 val=0x0000066
0x0000068: t=0x80(parm) s=39
0x0000069: t=0x62(elem) prev=0x0000067 next=0x0000000 val=0x0000068
0x000006A: t=0x0F(func) use=1 s=18 mod=0x0000003 params=0x000005F
0x000006B: t=0x7C(nsnode) sym=18 p=0x000007C lr=0x0000078 val=0x000006A clr=B gl=0 loc=1
0x000006C: t=0x81(parms) count=1 head=0x000007A tail=0x000007A
0x000006D: t=0x81(parms) count=3 head=0x0000070 tail=0x0000075
0x000006E: t=0x80(parm) s=38 dflt=0x000006F
0x000006F: t=0x03(int) use=1 value=0
0x0000070: t=0x62(elem) prev=0x0000000 next=0x0000072 val=0x000006E
0x0000071: t=0x80(parm) s=41 dflt=0x0000000
0x0000072: t=0x62(elem) prev=0x0000070 next=0x0000075 val=0x0000071
0x0000073: t=0x80(parm) s=42 dflt=0x0000074
0x0000074: t=0x02(bool) use=1 value=True
0x0000075: t=0x62(elem) prev=0x0000072 next=0x0000000 val=0x0000073
0x0000076: t=0x0F(func) use=1 s=19 mod=0x0000003 params=0x000006D
0x0000077: t=0x7C(nsnode) sym=19 p=0x000006B lr=0x0000000 val=0x0000076 clr=B gl=0 loc=1
0x0000078: t=0x7D(lrnode) l=0x0000064 r=0x0000077
0x0000079: t=0x80(parm) s=43
0x000007A: t=0x62(elem) prev=0x0000000 next=0x0000000 val=0x0000079
0x000007B: t=0x0F(func) use=1 s=20 mod=0x0000003 params=0x000006C
0x000007C: t=0x7C(nsnode) sym=20 p=0x0000094 lr=0x0000083 val=0x000007B clr=R gl=0 loc=1
0x000007D: t=0x81(parms) count=1 head=0x0000085 tail=0x0000085
0x000007E: t=0x81(parms) count=1 head=0x0000080 tail=0x0000080
0x000007F: t=0x80(parm) s=44
0x0000080: t=0x62(elem) prev=0x0000000 next=0x0000000 val=0x000007F
0x0000081: t=0x0F(func) use=1 s=21 mod=0x0000003 params=0x000007E
0x0000082: t=0x7C(nsnode) sym=21 p=0x0000087 lr=0x0000000 val=0x0000081 clr=B gl=0 loc=1
0x0000083: t=0x7D(lrnode) l=0x000006B r=0x0000087
0x0000084: t=0x80(parm) s=44
0x0000085: t=0x62(elem) prev=0x0000000 next=0x0000000 val=0x0000084
0x0000086: t=0x0F(func) use=1 s=22 mod=0x0000003 params=0x000007D
0x0000087: t=0x7C(nsnode) sym=22 p=0x000007C lr=0x000008E val=0x0000086 clr=B gl=0 loc=1
0x0000088: t=0x81(parms) count=2 head=0x0000090 tail=0x0000092
0x0000089: t=0x81(parms) count=1 head=0x000008B tail=0x000008B
0x000008A: t=0x80(parm) s=43 dflt=0x0000000
0x000008B: t=0x62(elem) prev=0x0000000 next=0x0000000 val=0x000008A
0x000008C: t=0x0F(func) use=1 s=23 mod=0x0000003 params=0x0000089
0x000008D: t=0x7C(nsnode) sym=23 p=0x0000087 lr=0x0000000 val=0x000008C clr=B gl=0 loc=1
0x000008E: t=0x7D(lrnode) l=0x0000082 r=0x000008D
0x000008F: t=0x80(parm) s=38
0x0000090: t=0x62(elem) prev=0x0000000 next=0x0000092 val=0x000008F
0x0000091: t=0x80(parm) s=41 dflt=0x0000000
0x0000092: t=0x62(elem) prev=0x0000090 next=0x0000000 val=0x0000091
0x0000093: t=0x0F(func) use=1 s=24 mod=0x0000003 params=0x0000088
0x0000094: t=0x7C(nsnode) sym=24 p=0x000005E lr=0x000009B val=0x0000093 clr=B gl=0 loc=1
0x0000095: t=0x81(parms) count=2 head=0x000009D tail=0x000009F
0x0000096: t=0x81(parms) count=1 head=0x0000098 tail=0x0000098
0x0000097: t=0x80(parm) s=38
0x0000098: t=0x62(elem) prev=0x0000000 next=0x0000000 val=0x0000097
0x0000099: t=0x0F(func) use=1 s=25 mod=0x0000003 params=0x0000096
0x000009A: t=0x7C(nsnode) sym=25 p=0x00000A1 lr=0x0000000 val=0x0000099 clr=B gl=0 loc=1
0x000009B: t=0x7D(lrnode) l=0x000007C r=0x00000B6
0x000009C: t=0x80(parm) s=45
0x000009D: t=0x62(elem) prev=0x0000000 next=0x000009F val=0x000009C
0x000009E: t=0x80(parm) s=46 dflt=0x0000000
0x000009F: t=0x62(elem) prev=0x000009D next=0x0000000 val=0x000009E
0x00000A0: t=0x0F(func) use=1 s=26 mod=0x0000003 params=0x0000095
0x00000A1: t=0x7C(nsnode) sym=26 p=0x00000B6 lr=0x00000B2 val=0x00000A0 clr=B gl=0 loc=1
0x00000A2: t=0x81(parms) count=1 head=0x00000B4 tail=0x00000B4
0x00000A3: t=0x81(parms) count=3 head=0x00000A5 tail=0x00000AF
0x00000A4: t=0x80(parm) s=47 tgrp
0x00000A5: t=0x62(elem) prev=0x0000000 next=0x00000AA val=0x00000A4
0x00000A6: t=0x80(parm) s=48 dflt=0x00000A7
0x00000A7: t=0x08(str) use=1 count=1 head=0x00000A9 tail=0x00000A9
0x00000A8: t=0x64(strfrag) c=1 s=' '
0x00000A9: t=0x62(elem) prev=0x0000000 next=0x0000000 val=0x00000A8
0x00000AA: t=0x62(elem) prev=0x00000A5 next=0x00000AF val=0x00000A6
0x00000AB: t=0x80(parm) s=46 dflt=0x00000AC
0x00000AC: t=0x08(str) use=1 count=1 head=0x00000AE tail=0x00000AE
0x00000AD: t=0x64(strfrag) c=1 s='\x0a'
0x00000AE: t=0x62(elem) prev=0x0000000 next=0x0000000 val=0x00000AD
0x00000AF: t=0x62(elem) prev=0x00000AA next=0x0000000 val=0x00000AB
0x00000B0: t=0x0F(func) use=1 s=27 mod=0x0000003 params=0x00000A3
0x00000B1: t=0x7C(nsnode) sym=27 p=0x00000A1 lr=0x0000000 val=0x00000B0 clr=B gl=0 loc=1
0x00000B2: t=0x7D(lrnode) l=0x000009A r=0x00000B1
0x00000B3: t=0x80(parm) s=38
0x00000B4: t=0x62(elem) prev=0x0000000 next=0x0000000 val=0x00000B3
0x00000B5: t=0x0F(func) use=1 s=28 mod=0x0000003 params=0x00000A2
0x00000B6: t=0x7C(nsnode) sym=28 p=0x0000094 lr=0x00000BD val=0x00000B5 clr=R gl=0 loc=1
0x00000B7: t=0x81(parms) count=1 head=0x00000BF tail=0x00000BF
0x00000B8: t=0x81(parms) count=1 head=0x00000BA tail=0x00000BA
0x00000B9: t=0x80(parm) s=38
0x00000BA: t=0x62(elem) prev=0x0000000 next=0x0000000 val=0x00000B9
0x00000BB: t=0x0F(func) use=1 s=29 mod=0x0000003 params=0x00000B8
0x00000BC: t=0x7C(nsnode) sym=29 p=0x00000C1 lr=0x0000000 val=0x00000BB clr=B gl=0 loc=1
0x00000BD: t=0x7D(lrnode) l=0x00000A1 r=0x00000CC
0x00000BE: t=0x80(parm) s=38
0x00000BF: t=0x62(elem) prev=0x0000000 next=0x0000000 val=0x00000BE
0x00000C0: t=0x0F(func) use=1 s=30 mod=0x0000003 params=0x00000B7
0x00000C1: t=0x7C(nsnode) sym=30 p=0x00000CC lr=0x00000C8 val=0x00000C0 clr=R gl=0 loc=1
0x00000C2: t=0x81(parms) count=1 head=0x00000CA tail=0x00000CA
0x00000C3: t=0x81(parms) count=1 head=0x00000C5 tail=0x00000C5
0x00000C4: t=0x80(parm) s=38
0x00000C5: t=0x62(elem) prev=0x0000000 next=0x0000000 val=0x00000C4
0x00000C6: t=0x0F(func) use=1 s=31 mod=0x0000003 params=0x00000C3
0x00000C7: t=0x7C(nsnode) sym=31 p=0x00000C1 lr=0x0000000 val=0x00000C6 clr=B gl=0 loc=1
0x00000C8: t=0x7D(lrnode) l=0x00000BC r=0x00000C7
0x00000C9: t=0x80(parm) s=49
0x00000CA: t=0x62(elem) prev=0x0000000 next=0x0000000 val=0x00000C9
0x00000CB: t=0x0F(func) use=1 s=32 mod=0x0000003 params=0x00000C2
0x00000CC: t=0x7C(nsnode) sym=32 p=0x00000B6 lr=0x00000D4 val=0x00000CB clr=B gl=0 loc=1
0x00000CD: t=0x81(parms) count=1 head=0x00000D6 tail=0x00000D6
0x00000CE: t=0x81(parms) count=1 head=0x00000D1 tail=0x00000D1
0x00000CF: t=0x80(parm) s=38 dflt=0x00000D0
0x00000D0: t=0x08(str) use=1 count=0 head=0x0000000 tail=0x0000000
0x00000D1: t=0x62(elem) prev=0x0000000 next=0x0000000 val=0x00000CF
0x00000D2: t=0x0F(func) use=1 s=33 mod=0x0000003 params=0x00000CE
0x00000D3: t=0x7C(nsnode) sym=33 p=0x00000D8 lr=0x0000000 val=0x00000D2 clr=B gl=0 loc=1
0x00000D4: t=0x7D(lrnode) l=0x00000C1 r=0x00000D8
0x00000D5: t=0x80(parm) s=38
0x00000D6: t=0x62(elem) prev=0x0000000 next=0x0000000 val=0x00000D5
0x00000D7: t=0x0F(func) use=1 s=34 mod=0x0000003 params=0x00000CD
0x00000D8: t=0x7C(nsnode) sym=34 p=0x00000CC lr=0x00000DF val=0x00000D7 clr=R gl=0 loc=1
0x00000D9: t=0x81(parms) count=1 head=0x00000E1 tail=0x00000E1
0x00000DA: t=0x81(parms) count=1 head=0x00000DC tail=0x00000DC
0x00000DB: t=0x80(parm) s=38
0x00000DC: t=0x62(elem) prev=0x0000000 next=0x0000000 val=0x00000DB
0x00000DD: t=0x0F(func) use=1 s=35 mod=0x0000003 params=0x00000DA
0x00000DE: t=0x7C(nsnode) sym=35 p=0x00000E3 lr=0x0000000 val=0x00000DD clr=R gl=0 loc=1
0x00000DF: t=0x7D(lrnode) l=0x00000D3 r=0x00000E3
0x00000E0: t=0x80(parm) s=43 dflt=0x0000000
0x00000E1: t=0x62(elem) prev=0x0000000 next=0x0000000 val=0x00000E0
0x00000E2: t=0x0F(func) use=1 s=36 mod=0x0000003 params=0x00000D9
0x00000E3: t=0x7C(nsnode) sym=36 p=0x00000D8 lr=0x00000EA val=0x00000E2 clr=B gl=0 loc=1
0x00000E4: t=0x70(ns) count=1 root=0x00000EB
0x00000E5: t=0x81(parms) count=1 head=0x00000E7 tail=0x00000E7
0x00000E6: t=0x80(parm) s=44
0x00000E7: t=0x62(elem) prev=0x0000000 next=0x0000000 val=0x00000E6
0x00000E8: t=0x0F(func) use=1 s=37 mod=0x0000003 params=0x00000E5
0x00000E9: t=0x7C(nsnode) sym=37 p=0x00000E3 lr=0x0000000 val=0x00000E8 clr=R gl=0 loc=1
0x00000EA: t=0x7D(lrnode) l=0x00000DE r=0x00000E9
0x00000EB: t=0x7C(nsnode) sym=0 p=0x0000000 lr=0x0000000 val=0x0000003 clr=B gl=0 loc=1
0x00000EC: t=0x10(mod) use=1 code=0x0000009 ns=0x00000E4 ld=1
0x00000ED: t=0x7C(nsnode) sym=27 p=0x0000004 lr=0x0000000 val=0x00000EC clr=R gl=0 loc=1
0x00000EE: t=0x7D(lrnode) l=0x0000000 r=0x00000ED
0x00000EF...0x00007FF: t=0xFF(free)
---
Program counter: 0x0000009
Free count: 1809; next free entry: 0x00000F0
Free count low water mark: 1773
Stack: empty
Modules: 0x0000001
Current module: 0x0000003
System namespace: 0x0000002
Current global namespace: 0x0000002
Current local namespace: 0x0000002
---
Executed 345 instructions
Run error 0x01: Complete
Program counter: 0x0000009; print.asp:1:7
